// Validating benchmarks:
// ***** BenchmarkRunner: Start   *****
// ***** Found 2 benchmark(s) in total *****
// ***** Building 1 exe(s) in Parallel: Start   *****
// start dotnet  restore "/home/jordan/leancorpus/working_directory/src/devops/Rowles.LeanCorpus.Benchmarks/bin/Release/net10.0/Rowles.LeanCorpus.Benchmarks-ShortRun-1/DllGatherer.csproj" --nodeReuse:false /p:UseSharedCompilation=false /p:Deterministic=true /p:Optimize=true /p:ArtifactsPath="/home/jordan/leancorpus/working_directory/src/devops/Rowles.LeanCorpus.Benchmarks/bin/Release/net10.0/Rowles.LeanCorpus.Benchmarks-ShortRun-1/.artifacts/" /p:OutDir="/home/jordan/leancorpus/working_directory/src/devops/Rowles.LeanCorpus.Benchmarks/bin/Release/net10.0/Rowles.LeanCorpus.Benchmarks-ShortRun-1/bin/Release/net10.0/" /p:OutputPath="/home/jordan/leancorpus/working_directory/src/devops/Rowles.LeanCorpus.Benchmarks/bin/Release/net10.0/Rowles.LeanCorpus.Benchmarks-ShortRun-1/bin/Release/net10.0/" /p:PublishDir="/home/jordan/leancorpus/working_directory/src/devops/Rowles.LeanCorpus.Benchmarks/bin/Release/net10.0/Rowles.LeanCorpus.Benchmarks-ShortRun-1/publish/" in /home/jordan/leancorpus/working_directory/src/devops/Rowles.LeanCorpus.Benchmarks/bin/Release/net10.0/Rowles.LeanCorpus.Benchmarks-ShortRun-1
// command took 5.06 sec and exited with 0
// start dotnet  build "/home/jordan/leancorpus/working_directory/src/devops/Rowles.LeanCorpus.Benchmarks/bin/Release/net10.0/Rowles.LeanCorpus.Benchmarks-ShortRun-1/DllGatherer.csproj" -f net10.0 -c Release --no-restore --nodeReuse:false /p:UseSharedCompilation=false /p:Deterministic=true /p:Optimize=true /p:ArtifactsPath="/home/jordan/leancorpus/working_directory/src/devops/Rowles.LeanCorpus.Benchmarks/bin/Release/net10.0/Rowles.LeanCorpus.Benchmarks-ShortRun-1/.artifacts/" /p:OutDir="/home/jordan/leancorpus/working_directory/src/devops/Rowles.LeanCorpus.Benchmarks/bin/Release/net10.0/Rowles.LeanCorpus.Benchmarks-ShortRun-1/bin/Release/net10.0/" /p:OutputPath="/home/jordan/leancorpus/working_directory/src/devops/Rowles.LeanCorpus.Benchmarks/bin/Release/net10.0/Rowles.LeanCorpus.Benchmarks-ShortRun-1/bin/Release/net10.0/" /p:PublishDir="/home/jordan/leancorpus/working_directory/src/devops/Rowles.LeanCorpus.Benchmarks/bin/Release/net10.0/Rowles.LeanCorpus.Benchmarks-ShortRun-1/publish/" --output "/home/jordan/leancorpus/working_directory/src/devops/Rowles.LeanCorpus.Benchmarks/bin/Release/net10.0/Rowles.LeanCorpus.Benchmarks-ShortRun-1/bin/Release/net10.0/" in /home/jordan/leancorpus/working_directory/src/devops/Rowles.LeanCorpus.Benchmarks/bin/Release/net10.0/Rowles.LeanCorpus.Benchmarks-ShortRun-1
// command took 45.18 sec and exited with 0
// start dotnet  restore "/home/jordan/leancorpus/working_directory/src/devops/Rowles.LeanCorpus.Benchmarks/bin/Release/net10.0/Rowles.LeanCorpus.Benchmarks-ShortRun-1/BenchmarkDotNet.Autogenerated.csproj" --nodeReuse:false /p:UseSharedCompilation=false /p:Deterministic=true /p:Optimize=true /p:ArtifactsPath="/home/jordan/leancorpus/working_directory/src/devops/Rowles.LeanCorpus.Benchmarks/bin/Release/net10.0/Rowles.LeanCorpus.Benchmarks-ShortRun-1/.artifacts/" /p:OutDir="/home/jordan/leancorpus/working_directory/src/devops/Rowles.LeanCorpus.Benchmarks/bin/Release/net10.0/Rowles.LeanCorpus.Benchmarks-ShortRun-1/bin/Release/net10.0/" /p:OutputPath="/home/jordan/leancorpus/working_directory/src/devops/Rowles.LeanCorpus.Benchmarks/bin/Release/net10.0/Rowles.LeanCorpus.Benchmarks-ShortRun-1/bin/Release/net10.0/" /p:PublishDir="/home/jordan/leancorpus/working_directory/src/devops/Rowles.LeanCorpus.Benchmarks/bin/Release/net10.0/Rowles.LeanCorpus.Benchmarks-ShortRun-1/publish/" in /home/jordan/leancorpus/working_directory/src/devops/Rowles.LeanCorpus.Benchmarks/bin/Release/net10.0/Rowles.LeanCorpus.Benchmarks-ShortRun-1
// command took 5.02 sec and exited with 0
// start dotnet  build "/home/jordan/leancorpus/working_directory/src/devops/Rowles.LeanCorpus.Benchmarks/bin/Release/net10.0/Rowles.LeanCorpus.Benchmarks-ShortRun-1/BenchmarkDotNet.Autogenerated.csproj" -f net10.0 -c Release --no-restore --nodeReuse:false /p:UseSharedCompilation=false /p:Deterministic=true /p:Optimize=true /p:ArtifactsPath="/home/jordan/leancorpus/working_directory/src/devops/Rowles.LeanCorpus.Benchmarks/bin/Release/net10.0/Rowles.LeanCorpus.Benchmarks-ShortRun-1/.artifacts/" /p:OutDir="/home/jordan/leancorpus/working_directory/src/devops/Rowles.LeanCorpus.Benchmarks/bin/Release/net10.0/Rowles.LeanCorpus.Benchmarks-ShortRun-1/bin/Release/net10.0/" /p:OutputPath="/home/jordan/leancorpus/working_directory/src/devops/Rowles.LeanCorpus.Benchmarks/bin/Release/net10.0/Rowles.LeanCorpus.Benchmarks-ShortRun-1/bin/Release/net10.0/" /p:PublishDir="/home/jordan/leancorpus/working_directory/src/devops/Rowles.LeanCorpus.Benchmarks/bin/Release/net10.0/Rowles.LeanCorpus.Benchmarks-ShortRun-1/publish/" --output "/home/jordan/leancorpus/working_directory/src/devops/Rowles.LeanCorpus.Benchmarks/bin/Release/net10.0/Rowles.LeanCorpus.Benchmarks-ShortRun-1/bin/Release/net10.0/" in /home/jordan/leancorpus/working_directory/src/devops/Rowles.LeanCorpus.Benchmarks/bin/Release/net10.0/Rowles.LeanCorpus.Benchmarks-ShortRun-1
// command took 17.59 sec and exited with 0
// ***** Done, took 00:01:13 (73.22 sec)   *****
// Found 2 benchmarks:
//   VectorQuantisationBenchmarks.'HNSW search': ShortRun(IterationCount=3, LaunchCount=1, WarmupCount=3) [Dimension=64, Quantisation=ProductQuantisation]
//   VectorQuantisationBenchmarks.'HNSW search': ShortRun(IterationCount=3, LaunchCount=1, WarmupCount=3) [Dimension=128, Quantisation=ProductQuantisation]

// **************************
// Benchmark: VectorQuantisationBenchmarks.'HNSW search': ShortRun(IterationCount=3, LaunchCount=1, WarmupCount=3) [Dimension=64, Quantisation=ProductQuantisation]
// *** Execute ***
// Launch: 1 / 1
// Execute: dotnet Rowles.LeanCorpus.Benchmarks-ShortRun-1.dll --ipcPort 35429 --benchmarkName "Rowles.LeanCorpus.Benchmarks.VectorQuantisationBenchmarks.Search(Dimension: 64, Quantisation: ProductQuantisation)" --job ShortRun --diagnoserRunMode 3 --benchmarkId 0 in /home/jordan/leancorpus/working_directory/src/devops/Rowles.LeanCorpus.Benchmarks/bin/Release/net10.0/Rowles.LeanCorpus.Benchmarks-ShortRun-1/bin/Release/net10.0
// Failed to set up high priority (Permission denied). In order to run benchmarks with high priority, make sure you have the right permissions.
// BeforeAnythingElse

// Benchmark Process Environment Information:
// BenchmarkDotNet v0.16.0-nightly.20260427.506
// Runtime=.NET 10.0.3 (10.0.3, 10.0.326.7603), X64 RyuJIT x86-64-v2
// GC=Concurrent Workstation
// HardwareIntrinsics=AVX,SSE3+SSSE3+SSE4.1+SSE4.2+POPCNT,X86Base+SSE+SSE2,AES+PCLMUL VectorSize=128
// Job: ShortRun(IterationCount=3, LaunchCount=1, WarmupCount=3)

WorkloadJitting  1: 1 op, 3496071.00 ns, 3.4961 ms/op
WorkloadJitting  2: 30 op, 71521473.00 ns, 2.3840 ms/op
WorkloadJitting  3: 30 op, 62826127.00 ns, 2.0942 ms/op
WorkloadJitting  4: 30 op, 63183802.00 ns, 2.1061 ms/op
WorkloadJitting  5: 1 op, 3358408.00 ns, 3.3584 ms/op

WorkloadPilot    1: 1 op, 3392863.00 ns, 3.3929 ms/op

WorkloadPilot    1: 16 op, 39130245.00 ns, 2.4456 ms/op
WorkloadPilot    2: 32 op, 72213854.00 ns, 2.2567 ms/op
WorkloadPilot    3: 64 op, 135389515.00 ns, 2.1155 ms/op
WorkloadPilot    4: 128 op, 264910658.00 ns, 2.0696 ms/op
WorkloadPilot    5: 256 op, 522963781.00 ns, 2.0428 ms/op

WorkloadWarmup   1: 256 op, 522644192.00 ns, 2.0416 ms/op
WorkloadWarmup   2: 256 op, 517999297.00 ns, 2.0234 ms/op
WorkloadWarmup   3: 256 op, 525097483.00 ns, 2.0512 ms/op

// BeforeActualRun
WorkloadActual   1: 256 op, 522129344.00 ns, 2.0396 ms/op
WorkloadActual   2: 256 op, 517632856.00 ns, 2.0220 ms/op
WorkloadActual   3: 256 op, 516448705.00 ns, 2.0174 ms/op

// AfterActualRun
// BeforeExtraIteration
// AfterExtraIteration
WorkloadExtra    1: 256 op, 506878295.00 ns, 1.9800 ms/op
WorkloadResult   1: 256 op, 522129344.00 ns, 2.0396 ms/op
WorkloadResult   2: 256 op, 517632856.00 ns, 2.0220 ms/op
WorkloadResult   3: 256 op, 516448705.00 ns, 2.0174 ms/op
// GC:  12 0 0 52626480 256

// AfterAll
// Benchmark Process 409452 has exited with code 0.

Mean = 2.026 ms, StdErr = 0.007 ms (0.33%), N = 3, StdDev = 0.012 ms
Min = 2.017 ms, Q1 = 2.020 ms, Median = 2.022 ms, Q3 = 2.031 ms, Max = 2.040 ms
IQR = 0.011 ms, LowerFence = 2.003 ms, UpperFence = 2.047 ms
ConfidenceInterval = [1.813 ms; 2.240 ms] (CI 99.9%), Margin = 0.214 ms (10.54% of Mean)
Skewness = 0.32, Kurtosis = 0.67, MValue = 2

// ** Remained 1 (50.0 %) benchmark(s) to run. Estimated finish 2026-07-30 18:19 (0h 2m from now) **
// **************************
// Benchmark: VectorQuantisationBenchmarks.'HNSW search': ShortRun(IterationCount=3, LaunchCount=1, WarmupCount=3) [Dimension=128, Quantisation=ProductQuantisation]
// *** Execute ***
// Launch: 1 / 1
// Execute: dotnet Rowles.LeanCorpus.Benchmarks-ShortRun-1.dll --ipcPort 35565 --benchmarkName "Rowles.LeanCorpus.Benchmarks.VectorQuantisationBenchmarks.Search(Dimension: 128, Quantisation: ProductQuantisation)" --job ShortRun --diagnoserRunMode 3 --benchmarkId 1 in /home/jordan/leancorpus/working_directory/src/devops/Rowles.LeanCorpus.Benchmarks/bin/Release/net10.0/Rowles.LeanCorpus.Benchmarks-ShortRun-1/bin/Release/net10.0
// Failed to set up high priority (Permission denied). In order to run benchmarks with high priority, make sure you have the right permissions.
// BeforeAnythingElse

// Benchmark Process Environment Information:
// BenchmarkDotNet v0.16.0-nightly.20260427.506
// Runtime=.NET 10.0.3 (10.0.3, 10.0.326.7603), X64 RyuJIT x86-64-v2
// GC=Concurrent Workstation
// HardwareIntrinsics=AVX,SSE3+SSSE3+SSE4.1+SSE4.2+POPCNT,X86Base+SSE+SSE2,AES+PCLMUL VectorSize=128
// Job: ShortRun(IterationCount=3, LaunchCount=1, WarmupCount=3)

WorkloadJitting  1: 1 op, 5110082.00 ns, 5.1101 ms/op
WorkloadJitting  2: 30 op, 115395865.00 ns, 3.8465 ms/op
WorkloadJitting  3: 30 op, 102816162.00 ns, 3.4272 ms/op
WorkloadJitting  4: 30 op, 101602584.00 ns, 3.3868 ms/op
WorkloadJitting  5: 1 op, 4902909.00 ns, 4.9029 ms/op

WorkloadPilot    1: 1 op, 4884767.00 ns, 4.8848 ms/op

WorkloadPilot    1: 16 op, 59477055.00 ns, 3.7173 ms/op
WorkloadPilot    2: 32 op, 112726004.00 ns, 3.5227 ms/op
WorkloadPilot    3: 64 op, 222979031.00 ns, 3.4840 ms/op
WorkloadPilot    4: 128 op, 427005632.00 ns, 3.3360 ms/op
WorkloadPilot    5: 256 op, 841443478.00 ns, 3.2869 ms/op

WorkloadWarmup   1: 256 op, 844092692.00 ns, 3.2972 ms/op
WorkloadWarmup   2: 256 op, 838408023.00 ns, 3.2750 ms/op
WorkloadWarmup   3: 256 op, 856205637.00 ns, 3.3446 ms/op

// BeforeActualRun
WorkloadActual   1: 256 op, 846655470.00 ns, 3.3072 ms/op
WorkloadActual   2: 256 op, 843029372.00 ns, 3.2931 ms/op
WorkloadActual   3: 256 op, 843645302.00 ns, 3.2955 ms/op

// AfterActualRun
// BeforeExtraIteration
// AfterExtraIteration
WorkloadExtra    1: 256 op, 849855927.00 ns, 3.3197 ms/op
WorkloadResult   1: 256 op, 846655470.00 ns, 3.3072 ms/op
WorkloadResult   2: 256 op, 843029372.00 ns, 3.2931 ms/op
WorkloadResult   3: 256 op, 843645302.00 ns, 3.2955 ms/op
// GC:  22 2 0 96275856 256

// AfterAll
// Benchmark Process 410943 has exited with code 0.

Mean = 3.299 ms, StdErr = 0.004 ms (0.13%), N = 3, StdDev = 0.008 ms
Min = 3.293 ms, Q1 = 3.294 ms, Median = 3.295 ms, Q3 = 3.301 ms, Max = 3.307 ms
IQR = 0.007 ms, LowerFence = 3.284 ms, UpperFence = 3.312 ms
ConfidenceInterval = [3.160 ms; 3.437 ms] (CI 99.9%), Margin = 0.138 ms (4.19% of Mean)
Skewness = 0.34, Kurtosis = 0.67, MValue = 2

// ** Remained 0 (0.0 %) benchmark(s) to run. Estimated finish 2026-07-30 18:23 (0h 0m from now) **
// ***** BenchmarkRunner: Finish  *****

// * Export *
  bench/debian/2026-07-30/17-13/_runner/results/Rowles.LeanCorpus.Benchmarks.VectorQuantisationBenchmarks-report.csv
  bench/debian/2026-07-30/17-13/_runner/results/Rowles.LeanCorpus.Benchmarks.VectorQuantisationBenchmarks-report-github.md
  bench/debian/2026-07-30/17-13/_runner/results/Rowles.LeanCorpus.Benchmarks.VectorQuantisationBenchmarks-report.html
  bench/debian/2026-07-30/17-13/_runner/results/Rowles.LeanCorpus.Benchmarks.VectorQuantisationBenchmarks-report-full.json
  bench/debian/2026-07-30/17-13/_runner/results/Rowles.LeanCorpus.Benchmarks.VectorQuantisationBenchmarks-measurements.csv
  bench/debian/2026-07-30/17-13/_runner/results/BuildPlots.R
RPlotExporter couldn't find Rscript in your PATH and no R_HOME environment variable is defined

// * Detailed results *
VectorQuantisationBenchmarks.'HNSW search': ShortRun(IterationCount=3, LaunchCount=1, WarmupCount=3) [Dimension=64, Quantisation=ProductQuantisation]
Runtime = .NET 10.0.3 (10.0.3, 10.0.326.7603), X64 RyuJIT x86-64-v2; GC = Concurrent Workstation
Mean = 2.026 ms, StdErr = 0.007 ms (0.33%), N = 3, StdDev = 0.012 ms
Min = 2.017 ms, Q1 = 2.020 ms, Median = 2.022 ms, Q3 = 2.031 ms, Max = 2.040 ms
IQR = 0.011 ms, LowerFence = 2.003 ms, UpperFence = 2.047 ms
ConfidenceInterval = [1.813 ms; 2.240 ms] (CI 99.9%), Margin = 0.214 ms (10.54% of Mean)
Skewness = 0.32, Kurtosis = 0.67, MValue = 2
-------------------- Histogram --------------------
[2.007 ms ; 2.040 ms) | @@@
---------------------------------------------------

VectorQuantisationBenchmarks.'HNSW search': ShortRun(IterationCount=3, LaunchCount=1, WarmupCount=3) [Dimension=128, Quantisation=ProductQuantisation]
Runtime = .NET 10.0.3 (10.0.3, 10.0.326.7603), X64 RyuJIT x86-64-v2; GC = Concurrent Workstation
Mean = 3.299 ms, StdErr = 0.004 ms (0.13%), N = 3, StdDev = 0.008 ms
Min = 3.293 ms, Q1 = 3.294 ms, Median = 3.295 ms, Q3 = 3.301 ms, Max = 3.307 ms
IQR = 0.007 ms, LowerFence = 3.284 ms, UpperFence = 3.312 ms
ConfidenceInterval = [3.160 ms; 3.437 ms] (CI 99.9%), Margin = 0.138 ms (4.19% of Mean)
Skewness = 0.34, Kurtosis = 0.67, MValue = 2
-------------------- Histogram --------------------
[3.286 ms ; 3.314 ms) | @@@
---------------------------------------------------

// * Summary *

BenchmarkDotNet v0.16.0-nightly.20260427.506, Linux Debian GNU/Linux 13 (trixie)
Intel Xeon CPU E3-1220 V2 3.10GHz (Max: 1.82GHz), 1 CPU, 4 logical and 4 physical cores
Memory: 23.45 GB Total, 5.52 GB Available
.NET SDK 11.0.100-preview.1.26104.118
  [Host]   : .NET 10.0.3 (10.0.3, 10.0.326.7603), X64 RyuJIT x86-64-v2
  ShortRun : .NET 10.0.3 (10.0.3, 10.0.326.7603), X64 RyuJIT x86-64-v2

Job=ShortRun  IterationCount=3  LaunchCount=1  
WarmupCount=3  

| Method        | Dimension | Quantisation        | Mean     | Error     | StdDev    | Ratio | Gen0    | Gen1   | Allocated | Alloc Ratio |
|-------------- |---------- |-------------------- |---------:|----------:|----------:|------:|--------:|-------:|----------:|------------:|
| 'HNSW search' | 64        | ProductQuantisation | 2.026 ms | 0.2136 ms | 0.0117 ms |  1.00 | 46.8750 |      - | 200.75 KB |        1.00 |
|               |           |                     |          |           |           |       |         |        |           |             |
| 'HNSW search' | 128       | ProductQuantisation | 3.299 ms | 0.1383 ms | 0.0076 ms |  1.00 | 85.9375 | 7.8125 | 367.26 KB |        1.00 |

// * Legends *
  Dimension    : Value of the 'Dimension' parameter
  Quantisation : Value of the 'Quantisation' parameter
  Mean         : Arithmetic mean of all measurements
  Error        : Half of 99.9% confidence interval
  StdDev       : Standard deviation of all measurements
  Ratio        : Mean of the ratio distribution ([Current]/[Baseline])
  Gen0         : GC Generation 0 collects per 1000 operations
  Gen1         : GC Generation 1 collects per 1000 operations
  Allocated    : Allocated memory per single operation (managed only, inclusive, 1KB = 1024B)
  Alloc Ratio  : Allocated memory ratio distribution ([Current]/[Baseline])
  1 ms         : 1 Millisecond (0.001 sec)

// * Diagnostic Output - MemoryDiagnoser *


// ***** BenchmarkRunner: End *****
Run time: 00:08:57 (537.69 sec), executed benchmarks: 2

Global total time: 00:10:11 (611.18 sec), executed benchmarks: 2
// * Artifacts cleanup *
Artifacts cleanup is finished
