// Validating benchmarks:
// ***** BenchmarkRunner: Start   *****
// ***** Found 16 benchmark(s) in total *****
// ***** Building 1 exe(s) in Parallel: Start   *****
// start dotnet  restore "/home/jordan/leancorpus/working_directory/src/devops/Rowles.LeanCorpus.Benchmarks/bin/Release/net10.0/Rowles.LeanCorpus.Benchmarks-DefaultJob-1/DllGatherer.csproj" --nodeReuse:false /p:UseSharedCompilation=false /p:Deterministic=true /p:Optimize=true /p:ArtifactsPath="/home/jordan/leancorpus/working_directory/src/devops/Rowles.LeanCorpus.Benchmarks/bin/Release/net10.0/Rowles.LeanCorpus.Benchmarks-DefaultJob-1/.artifacts/" /p:OutDir="/home/jordan/leancorpus/working_directory/src/devops/Rowles.LeanCorpus.Benchmarks/bin/Release/net10.0/Rowles.LeanCorpus.Benchmarks-DefaultJob-1/bin/Release/net10.0/" /p:OutputPath="/home/jordan/leancorpus/working_directory/src/devops/Rowles.LeanCorpus.Benchmarks/bin/Release/net10.0/Rowles.LeanCorpus.Benchmarks-DefaultJob-1/bin/Release/net10.0/" /p:PublishDir="/home/jordan/leancorpus/working_directory/src/devops/Rowles.LeanCorpus.Benchmarks/bin/Release/net10.0/Rowles.LeanCorpus.Benchmarks-DefaultJob-1/publish/" in /home/jordan/leancorpus/working_directory/src/devops/Rowles.LeanCorpus.Benchmarks/bin/Release/net10.0/Rowles.LeanCorpus.Benchmarks-DefaultJob-1
// command took 6.45 sec and exited with 0
// start dotnet  build "/home/jordan/leancorpus/working_directory/src/devops/Rowles.LeanCorpus.Benchmarks/bin/Release/net10.0/Rowles.LeanCorpus.Benchmarks-DefaultJob-1/DllGatherer.csproj" -f net10.0 -c Release --no-restore --nodeReuse:false /p:UseSharedCompilation=false /p:Deterministic=true /p:Optimize=true /p:ArtifactsPath="/home/jordan/leancorpus/working_directory/src/devops/Rowles.LeanCorpus.Benchmarks/bin/Release/net10.0/Rowles.LeanCorpus.Benchmarks-DefaultJob-1/.artifacts/" /p:OutDir="/home/jordan/leancorpus/working_directory/src/devops/Rowles.LeanCorpus.Benchmarks/bin/Release/net10.0/Rowles.LeanCorpus.Benchmarks-DefaultJob-1/bin/Release/net10.0/" /p:OutputPath="/home/jordan/leancorpus/working_directory/src/devops/Rowles.LeanCorpus.Benchmarks/bin/Release/net10.0/Rowles.LeanCorpus.Benchmarks-DefaultJob-1/bin/Release/net10.0/" /p:PublishDir="/home/jordan/leancorpus/working_directory/src/devops/Rowles.LeanCorpus.Benchmarks/bin/Release/net10.0/Rowles.LeanCorpus.Benchmarks-DefaultJob-1/publish/" --output "/home/jordan/leancorpus/working_directory/src/devops/Rowles.LeanCorpus.Benchmarks/bin/Release/net10.0/Rowles.LeanCorpus.Benchmarks-DefaultJob-1/bin/Release/net10.0/" in /home/jordan/leancorpus/working_directory/src/devops/Rowles.LeanCorpus.Benchmarks/bin/Release/net10.0/Rowles.LeanCorpus.Benchmarks-DefaultJob-1
// command took 44.35 sec and exited with 0
// start dotnet  restore "/home/jordan/leancorpus/working_directory/src/devops/Rowles.LeanCorpus.Benchmarks/bin/Release/net10.0/Rowles.LeanCorpus.Benchmarks-DefaultJob-1/BenchmarkDotNet.Autogenerated.csproj" --nodeReuse:false /p:UseSharedCompilation=false /p:Deterministic=true /p:Optimize=true /p:ArtifactsPath="/home/jordan/leancorpus/working_directory/src/devops/Rowles.LeanCorpus.Benchmarks/bin/Release/net10.0/Rowles.LeanCorpus.Benchmarks-DefaultJob-1/.artifacts/" /p:OutDir="/home/jordan/leancorpus/working_directory/src/devops/Rowles.LeanCorpus.Benchmarks/bin/Release/net10.0/Rowles.LeanCorpus.Benchmarks-DefaultJob-1/bin/Release/net10.0/" /p:OutputPath="/home/jordan/leancorpus/working_directory/src/devops/Rowles.LeanCorpus.Benchmarks/bin/Release/net10.0/Rowles.LeanCorpus.Benchmarks-DefaultJob-1/bin/Release/net10.0/" /p:PublishDir="/home/jordan/leancorpus/working_directory/src/devops/Rowles.LeanCorpus.Benchmarks/bin/Release/net10.0/Rowles.LeanCorpus.Benchmarks-DefaultJob-1/publish/" in /home/jordan/leancorpus/working_directory/src/devops/Rowles.LeanCorpus.Benchmarks/bin/Release/net10.0/Rowles.LeanCorpus.Benchmarks-DefaultJob-1
// command took 4.93 sec and exited with 0
// start dotnet  build "/home/jordan/leancorpus/working_directory/src/devops/Rowles.LeanCorpus.Benchmarks/bin/Release/net10.0/Rowles.LeanCorpus.Benchmarks-DefaultJob-1/BenchmarkDotNet.Autogenerated.csproj" -f net10.0 -c Release --no-restore --nodeReuse:false /p:UseSharedCompilation=false /p:Deterministic=true /p:Optimize=true /p:ArtifactsPath="/home/jordan/leancorpus/working_directory/src/devops/Rowles.LeanCorpus.Benchmarks/bin/Release/net10.0/Rowles.LeanCorpus.Benchmarks-DefaultJob-1/.artifacts/" /p:OutDir="/home/jordan/leancorpus/working_directory/src/devops/Rowles.LeanCorpus.Benchmarks/bin/Release/net10.0/Rowles.LeanCorpus.Benchmarks-DefaultJob-1/bin/Release/net10.0/" /p:OutputPath="/home/jordan/leancorpus/working_directory/src/devops/Rowles.LeanCorpus.Benchmarks/bin/Release/net10.0/Rowles.LeanCorpus.Benchmarks-DefaultJob-1/bin/Release/net10.0/" /p:PublishDir="/home/jordan/leancorpus/working_directory/src/devops/Rowles.LeanCorpus.Benchmarks/bin/Release/net10.0/Rowles.LeanCorpus.Benchmarks-DefaultJob-1/publish/" --output "/home/jordan/leancorpus/working_directory/src/devops/Rowles.LeanCorpus.Benchmarks/bin/Release/net10.0/Rowles.LeanCorpus.Benchmarks-DefaultJob-1/bin/Release/net10.0/" in /home/jordan/leancorpus/working_directory/src/devops/Rowles.LeanCorpus.Benchmarks/bin/Release/net10.0/Rowles.LeanCorpus.Benchmarks-DefaultJob-1
// command took 17.68 sec and exited with 0
// ***** Done, took 00:01:13 (73.77 sec)   *****
// Found 16 benchmarks:
//   VectorQuantisationBenchmarks.'HNSW search': DefaultJob [Dimension=64, Quantisation=None]
//   VectorQuantisationBenchmarks.'Lucene.NET flat scan': DefaultJob [Dimension=64, Quantisation=None]
//   VectorQuantisationBenchmarks.'HNSW search': DefaultJob [Dimension=64, Quantisation=Int8]
//   VectorQuantisationBenchmarks.'Lucene.NET flat scan': DefaultJob [Dimension=64, Quantisation=Int8]
//   VectorQuantisationBenchmarks.'HNSW search': DefaultJob [Dimension=64, Quantisation=BBQ]
//   VectorQuantisationBenchmarks.'Lucene.NET flat scan': DefaultJob [Dimension=64, Quantisation=BBQ]
//   VectorQuantisationBenchmarks.'HNSW search': DefaultJob [Dimension=64, Quantisation=Int4]
//   VectorQuantisationBenchmarks.'Lucene.NET flat scan': DefaultJob [Dimension=64, Quantisation=Int4]
//   VectorQuantisationBenchmarks.'HNSW search': DefaultJob [Dimension=128, Quantisation=None]
//   VectorQuantisationBenchmarks.'Lucene.NET flat scan': DefaultJob [Dimension=128, Quantisation=None]
//   VectorQuantisationBenchmarks.'HNSW search': DefaultJob [Dimension=128, Quantisation=Int8]
//   VectorQuantisationBenchmarks.'Lucene.NET flat scan': DefaultJob [Dimension=128, Quantisation=Int8]
//   VectorQuantisationBenchmarks.'HNSW search': DefaultJob [Dimension=128, Quantisation=BBQ]
//   VectorQuantisationBenchmarks.'Lucene.NET flat scan': DefaultJob [Dimension=128, Quantisation=BBQ]
//   VectorQuantisationBenchmarks.'HNSW search': DefaultJob [Dimension=128, Quantisation=Int4]
//   VectorQuantisationBenchmarks.'Lucene.NET flat scan': DefaultJob [Dimension=128, Quantisation=Int4]

// **************************
// Benchmark: VectorQuantisationBenchmarks.'HNSW search': DefaultJob [Dimension=64, Quantisation=None]
// *** Execute ***
// Launch: 1 / 1
// Execute: dotnet Rowles.LeanCorpus.Benchmarks-DefaultJob-1.dll --ipcPort 35389 --benchmarkName "Rowles.LeanCorpus.Benchmarks.VectorQuantisationBenchmarks.Search(Dimension: 64, Quantisation: None)" --job Default --diagnoserRunMode 3 --benchmarkId 0 in /home/jordan/leancorpus/working_directory/src/devops/Rowles.LeanCorpus.Benchmarks/bin/Release/net10.0/Rowles.LeanCorpus.Benchmarks-DefaultJob-1/bin/Release/net10.0
// Failed to set up high priority (Permission denied). In order to run benchmarks with high priority, make sure you have the right permissions.
// BeforeAnythingElse

// Benchmark Process Environment Information:
// BenchmarkDotNet v0.16.0-nightly.20260427.506
// Runtime=.NET 10.0.3 (10.0.3, 10.0.326.7603), X64 RyuJIT x86-64-v2
// GC=Concurrent Workstation
// HardwareIntrinsics=AVX,SSE3+SSSE3+SSE4.1+SSE4.2+POPCNT,X86Base+SSE+SSE2,AES+PCLMUL VectorSize=128
// Job: DefaultJob

WorkloadJitting  1: 1 op, 3918097.00 ns, 3.9181 ms/op
WorkloadJitting  2: 30 op, 88142502.00 ns, 2.9381 ms/op
WorkloadJitting  3: 30 op, 88925934.00 ns, 2.9642 ms/op
WorkloadJitting  4: 30 op, 80602833.00 ns, 2.6868 ms/op
WorkloadJitting  5: 1 op, 3537853.00 ns, 3.5379 ms/op

WorkloadPilot    1: 1 op, 3824125.00 ns, 3.8241 ms/op

WorkloadPilot    1: 16 op, 46386249.00 ns, 2.8991 ms/op
WorkloadPilot    2: 32 op, 86049929.00 ns, 2.6891 ms/op
WorkloadPilot    3: 64 op, 157680869.00 ns, 2.4638 ms/op
WorkloadPilot    4: 128 op, 297289118.00 ns, 2.3226 ms/op
WorkloadPilot    5: 256 op, 597242801.00 ns, 2.3330 ms/op

WorkloadWarmup   1: 256 op, 569441925.00 ns, 2.2244 ms/op
WorkloadWarmup   2: 256 op, 566397025.00 ns, 2.2125 ms/op
WorkloadWarmup   3: 256 op, 578105739.00 ns, 2.2582 ms/op
WorkloadWarmup   4: 256 op, 581197447.00 ns, 2.2703 ms/op
WorkloadWarmup   5: 256 op, 572789974.00 ns, 2.2375 ms/op
WorkloadWarmup   6: 256 op, 569823897.00 ns, 2.2259 ms/op
WorkloadWarmup   7: 256 op, 577198149.00 ns, 2.2547 ms/op
WorkloadWarmup   8: 256 op, 583055135.00 ns, 2.2776 ms/op
WorkloadWarmup   9: 256 op, 575600470.00 ns, 2.2484 ms/op

// BeforeActualRun
WorkloadActual   1: 256 op, 573452226.00 ns, 2.2400 ms/op
WorkloadActual   2: 256 op, 576664678.00 ns, 2.2526 ms/op
WorkloadActual   3: 256 op, 575565204.00 ns, 2.2483 ms/op
WorkloadActual   4: 256 op, 577515036.00 ns, 2.2559 ms/op
WorkloadActual   5: 256 op, 577967012.00 ns, 2.2577 ms/op
WorkloadActual   6: 256 op, 572097902.00 ns, 2.2348 ms/op
WorkloadActual   7: 256 op, 576245746.00 ns, 2.2510 ms/op
WorkloadActual   8: 256 op, 598493224.00 ns, 2.3379 ms/op
WorkloadActual   9: 256 op, 567949988.00 ns, 2.2186 ms/op
WorkloadActual  10: 256 op, 569228716.00 ns, 2.2235 ms/op
WorkloadActual  11: 256 op, 579559795.00 ns, 2.2639 ms/op
WorkloadActual  12: 256 op, 576676986.00 ns, 2.2526 ms/op
WorkloadActual  13: 256 op, 577664884.00 ns, 2.2565 ms/op
WorkloadActual  14: 256 op, 572419188.00 ns, 2.2360 ms/op
WorkloadActual  15: 256 op, 588374195.00 ns, 2.2983 ms/op

// AfterActualRun
// BeforeExtraIteration
// AfterExtraIteration
WorkloadExtra    1: 256 op, 599703706.00 ns, 2.3426 ms/op
WorkloadResult   1: 256 op, 573452226.00 ns, 2.2400 ms/op
WorkloadResult   2: 256 op, 576664678.00 ns, 2.2526 ms/op
WorkloadResult   3: 256 op, 575565204.00 ns, 2.2483 ms/op
WorkloadResult   4: 256 op, 577515036.00 ns, 2.2559 ms/op
WorkloadResult   5: 256 op, 577967012.00 ns, 2.2577 ms/op
WorkloadResult   6: 256 op, 572097902.00 ns, 2.2348 ms/op
WorkloadResult   7: 256 op, 576245746.00 ns, 2.2510 ms/op
WorkloadResult   8: 256 op, 567949988.00 ns, 2.2186 ms/op
WorkloadResult   9: 256 op, 569228716.00 ns, 2.2235 ms/op
WorkloadResult  10: 256 op, 579559795.00 ns, 2.2639 ms/op
WorkloadResult  11: 256 op, 576676986.00 ns, 2.2526 ms/op
WorkloadResult  12: 256 op, 577664884.00 ns, 2.2565 ms/op
WorkloadResult  13: 256 op, 572419188.00 ns, 2.2360 ms/op
// GC:  2 0 0 10480336 256

// AfterAll
// Benchmark Process 365553 has exited with code 0.

Mean = 2.245 ms, StdErr = 0.004 ms (0.17%), N = 13, StdDev = 0.014 ms
Min = 2.219 ms, Q1 = 2.236 ms, Median = 2.251 ms, Q3 = 2.256 ms, Max = 2.264 ms
IQR = 0.020 ms, LowerFence = 2.206 ms, UpperFence = 2.286 ms
ConfidenceInterval = [2.229 ms; 2.262 ms] (CI 99.9%), Margin = 0.017 ms (0.74% of Mean)
Skewness = -0.61, Kurtosis = 1.99, MValue = 2

// ** Remained 15 (93.8%) benchmark(s) to run. Estimated finish 2026-07-30 14:27 (0h 19m from now) **
// **************************
// Benchmark: VectorQuantisationBenchmarks.'Lucene.NET flat scan': DefaultJob [Dimension=64, Quantisation=None]
// *** Execute ***
// Launch: 1 / 1
// Execute: dotnet Rowles.LeanCorpus.Benchmarks-DefaultJob-1.dll --ipcPort 35953 --benchmarkName "Rowles.LeanCorpus.Benchmarks.VectorQuantisationBenchmarks.LuceneNet_Baseline(Dimension: 64, Quantisation: None)" --job Default --diagnoserRunMode 3 --benchmarkId 1 in /home/jordan/leancorpus/working_directory/src/devops/Rowles.LeanCorpus.Benchmarks/bin/Release/net10.0/Rowles.LeanCorpus.Benchmarks-DefaultJob-1/bin/Release/net10.0
// Failed to set up high priority (Permission denied). In order to run benchmarks with high priority, make sure you have the right permissions.
// BeforeAnythingElse

// Benchmark Process Environment Information:
// BenchmarkDotNet v0.16.0-nightly.20260427.506
// Runtime=.NET 10.0.3 (10.0.3, 10.0.326.7603), X64 RyuJIT x86-64-v2
// GC=Concurrent Workstation
// HardwareIntrinsics=AVX,SSE3+SSSE3+SSE4.1+SSE4.2+POPCNT,X86Base+SSE+SSE2,AES+PCLMUL VectorSize=128
// Job: DefaultJob

WorkloadJitting  1: 1 op, 319277558.00 ns, 319.2776 ms/op
WorkloadJitting  2: 30 op, 7720350324.00 ns, 257.3450 ms/op
WorkloadJitting  3: 7 op, 1787389814.00 ns, 255.3414 ms/op
WorkloadJitting  4: 1 op, 257756044.00 ns, 257.7560 ms/op

WorkloadPilot    1: 2 op, 512607853.00 ns, 256.3039 ms/op

WorkloadWarmup   1: 2 op, 513118995.00 ns, 256.5595 ms/op
WorkloadWarmup   2: 2 op, 509982957.00 ns, 254.9915 ms/op
WorkloadWarmup   3: 2 op, 509781800.00 ns, 254.8909 ms/op
WorkloadWarmup   4: 2 op, 509670792.00 ns, 254.8354 ms/op
WorkloadWarmup   5: 2 op, 508712178.00 ns, 254.3561 ms/op
WorkloadWarmup   6: 2 op, 512838398.00 ns, 256.4192 ms/op
WorkloadWarmup   7: 2 op, 510763037.00 ns, 255.3815 ms/op
WorkloadWarmup   8: 2 op, 501952783.00 ns, 250.9764 ms/op
WorkloadWarmup   9: 2 op, 505497168.00 ns, 252.7486 ms/op
WorkloadWarmup  10: 2 op, 506989047.00 ns, 253.4945 ms/op
WorkloadWarmup  11: 2 op, 505041422.00 ns, 252.5207 ms/op

// BeforeActualRun
WorkloadActual   1: 2 op, 504255363.00 ns, 252.1277 ms/op
WorkloadActual   2: 2 op, 503463068.00 ns, 251.7315 ms/op
WorkloadActual   3: 2 op, 507030685.00 ns, 253.5153 ms/op
WorkloadActual   4: 2 op, 499385968.00 ns, 249.6930 ms/op
WorkloadActual   5: 2 op, 496494247.00 ns, 248.2471 ms/op
WorkloadActual   6: 2 op, 504314834.00 ns, 252.1574 ms/op
WorkloadActual   7: 2 op, 504407651.00 ns, 252.2038 ms/op
WorkloadActual   8: 2 op, 498064456.00 ns, 249.0322 ms/op
WorkloadActual   9: 2 op, 498004763.00 ns, 249.0024 ms/op
WorkloadActual  10: 2 op, 504538457.00 ns, 252.2692 ms/op
WorkloadActual  11: 2 op, 496773307.00 ns, 248.3867 ms/op
WorkloadActual  12: 2 op, 503837853.00 ns, 251.9189 ms/op
WorkloadActual  13: 2 op, 506500723.00 ns, 253.2504 ms/op
WorkloadActual  14: 2 op, 506948724.00 ns, 253.4744 ms/op
WorkloadActual  15: 2 op, 506172388.00 ns, 253.0862 ms/op

// AfterActualRun
// BeforeExtraIteration
// AfterExtraIteration
WorkloadExtra    1: 2 op, 496994028.00 ns, 248.4970 ms/op
WorkloadResult   1: 2 op, 504255363.00 ns, 252.1277 ms/op
WorkloadResult   2: 2 op, 503463068.00 ns, 251.7315 ms/op
WorkloadResult   3: 2 op, 507030685.00 ns, 253.5153 ms/op
WorkloadResult   4: 2 op, 499385968.00 ns, 249.6930 ms/op
WorkloadResult   5: 2 op, 496494247.00 ns, 248.2471 ms/op
WorkloadResult   6: 2 op, 504314834.00 ns, 252.1574 ms/op
WorkloadResult   7: 2 op, 504407651.00 ns, 252.2038 ms/op
WorkloadResult   8: 2 op, 498064456.00 ns, 249.0322 ms/op
WorkloadResult   9: 2 op, 498004763.00 ns, 249.0024 ms/op
WorkloadResult  10: 2 op, 504538457.00 ns, 252.2692 ms/op
WorkloadResult  11: 2 op, 496773307.00 ns, 248.3867 ms/op
WorkloadResult  12: 2 op, 503837853.00 ns, 251.9189 ms/op
WorkloadResult  13: 2 op, 506500723.00 ns, 253.2504 ms/op
WorkloadResult  14: 2 op, 506948724.00 ns, 253.4744 ms/op
WorkloadResult  15: 2 op, 506172388.00 ns, 253.0862 ms/op
// GC:  42 0 0 177600208 2

// AfterAll
// Benchmark Process 365646 has exited with code 0.

Mean = 251.340 ms, StdErr = 0.494 ms (0.20%), N = 15, StdDev = 1.912 ms
Min = 248.247 ms, Q1 = 249.363 ms, Median = 252.128 ms, Q3 = 252.678 ms, Max = 253.515 ms
IQR = 3.315 ms, LowerFence = 244.390 ms, UpperFence = 257.650 ms
ConfidenceInterval = [249.296 ms; 253.383 ms] (CI 99.9%), Margin = 2.044 ms (0.81% of Mean)
Skewness = -0.48, Kurtosis = 1.5, MValue = 2

// ** Remained 14 (87.5%) benchmark(s) to run. Estimated finish 2026-07-30 14:28 (0h 18m from now) **
// **************************
// Benchmark: VectorQuantisationBenchmarks.'HNSW search': DefaultJob [Dimension=64, Quantisation=Int8]
// *** Execute ***
// Launch: 1 / 1
// Execute: dotnet Rowles.LeanCorpus.Benchmarks-DefaultJob-1.dll --ipcPort 36723 --benchmarkName "Rowles.LeanCorpus.Benchmarks.VectorQuantisationBenchmarks.Search(Dimension: 64, Quantisation: Int8)" --job Default --diagnoserRunMode 3 --benchmarkId 2 in /home/jordan/leancorpus/working_directory/src/devops/Rowles.LeanCorpus.Benchmarks/bin/Release/net10.0/Rowles.LeanCorpus.Benchmarks-DefaultJob-1/bin/Release/net10.0
// Failed to set up high priority (Permission denied). In order to run benchmarks with high priority, make sure you have the right permissions.
// BeforeAnythingElse

// Benchmark Process Environment Information:
// BenchmarkDotNet v0.16.0-nightly.20260427.506
// Runtime=.NET 10.0.3 (10.0.3, 10.0.326.7603), X64 RyuJIT x86-64-v2
// GC=Concurrent Workstation
// HardwareIntrinsics=AVX,SSE3+SSSE3+SSE4.1+SSE4.2+POPCNT,X86Base+SSE+SSE2,AES+PCLMUL VectorSize=128
// Job: DefaultJob

WorkloadJitting  1: 1 op, 4425845.00 ns, 4.4258 ms/op
WorkloadJitting  2: 30 op, 96899717.00 ns, 3.2300 ms/op
WorkloadJitting  3: 30 op, 96991191.00 ns, 3.2330 ms/op
WorkloadJitting  4: 30 op, 86838984.00 ns, 2.8946 ms/op
WorkloadJitting  5: 1 op, 4413998.00 ns, 4.4140 ms/op

WorkloadPilot    1: 1 op, 4584583.00 ns, 4.5846 ms/op

WorkloadPilot    1: 16 op, 48928847.00 ns, 3.0581 ms/op
WorkloadPilot    2: 32 op, 92700319.00 ns, 2.8969 ms/op
WorkloadPilot    3: 64 op, 178556371.00 ns, 2.7899 ms/op
WorkloadPilot    4: 128 op, 357328998.00 ns, 2.7916 ms/op
WorkloadPilot    5: 256 op, 702275550.00 ns, 2.7433 ms/op

WorkloadWarmup   1: 256 op, 701572337.00 ns, 2.7405 ms/op
WorkloadWarmup   2: 256 op, 695882181.00 ns, 2.7183 ms/op
WorkloadWarmup   3: 256 op, 705000623.00 ns, 2.7539 ms/op
WorkloadWarmup   4: 256 op, 706236887.00 ns, 2.7587 ms/op
WorkloadWarmup   5: 256 op, 689792701.00 ns, 2.6945 ms/op
WorkloadWarmup   6: 256 op, 688884709.00 ns, 2.6910 ms/op
WorkloadWarmup   7: 256 op, 694824216.00 ns, 2.7142 ms/op
WorkloadWarmup   8: 256 op, 702107661.00 ns, 2.7426 ms/op
WorkloadWarmup   9: 256 op, 702052664.00 ns, 2.7424 ms/op

// BeforeActualRun
WorkloadActual   1: 256 op, 703292669.00 ns, 2.7472 ms/op
WorkloadActual   2: 256 op, 697807471.00 ns, 2.7258 ms/op
WorkloadActual   3: 256 op, 698392154.00 ns, 2.7281 ms/op
WorkloadActual   4: 256 op, 698728330.00 ns, 2.7294 ms/op
WorkloadActual   5: 256 op, 699693022.00 ns, 2.7332 ms/op
WorkloadActual   6: 256 op, 700403597.00 ns, 2.7360 ms/op
WorkloadActual   7: 256 op, 697423167.00 ns, 2.7243 ms/op
WorkloadActual   8: 256 op, 695072522.00 ns, 2.7151 ms/op
WorkloadActual   9: 256 op, 695458530.00 ns, 2.7166 ms/op
WorkloadActual  10: 256 op, 700344209.00 ns, 2.7357 ms/op
WorkloadActual  11: 256 op, 697109859.00 ns, 2.7231 ms/op
WorkloadActual  12: 256 op, 710162212.00 ns, 2.7741 ms/op
WorkloadActual  13: 256 op, 702685809.00 ns, 2.7449 ms/op
WorkloadActual  14: 256 op, 702202429.00 ns, 2.7430 ms/op
WorkloadActual  15: 256 op, 702062630.00 ns, 2.7424 ms/op

// AfterActualRun
// BeforeExtraIteration
// AfterExtraIteration
WorkloadExtra    1: 256 op, 711827275.00 ns, 2.7806 ms/op
WorkloadResult   1: 256 op, 703292669.00 ns, 2.7472 ms/op
WorkloadResult   2: 256 op, 697807471.00 ns, 2.7258 ms/op
WorkloadResult   3: 256 op, 698392154.00 ns, 2.7281 ms/op
WorkloadResult   4: 256 op, 698728330.00 ns, 2.7294 ms/op
WorkloadResult   5: 256 op, 699693022.00 ns, 2.7332 ms/op
WorkloadResult   6: 256 op, 700403597.00 ns, 2.7360 ms/op
WorkloadResult   7: 256 op, 697423167.00 ns, 2.7243 ms/op
WorkloadResult   8: 256 op, 695072522.00 ns, 2.7151 ms/op
WorkloadResult   9: 256 op, 695458530.00 ns, 2.7166 ms/op
WorkloadResult  10: 256 op, 700344209.00 ns, 2.7357 ms/op
WorkloadResult  11: 256 op, 697109859.00 ns, 2.7231 ms/op
WorkloadResult  12: 256 op, 702685809.00 ns, 2.7449 ms/op
WorkloadResult  13: 256 op, 702202429.00 ns, 2.7430 ms/op
WorkloadResult  14: 256 op, 702062630.00 ns, 2.7424 ms/op
// GC:  2 0 0 10439376 256

// AfterAll
// Benchmark Process 365818 has exited with code 0.

Mean = 2.732 ms, StdErr = 0.003 ms (0.10%), N = 14, StdDev = 0.010 ms
Min = 2.715 ms, Q1 = 2.725 ms, Median = 2.731 ms, Q3 = 2.741 ms, Max = 2.747 ms
IQR = 0.016 ms, LowerFence = 2.700 ms, UpperFence = 2.765 ms
ConfidenceInterval = [2.720 ms; 2.743 ms] (CI 99.9%), Margin = 0.012 ms (0.42% of Mean)
Skewness = -0.05, Kurtosis = 1.63, MValue = 2

// ** Remained 13 (81.2%) benchmark(s) to run. Estimated finish 2026-07-30 14:45 (0h 31m from now) **
// **************************
// Benchmark: VectorQuantisationBenchmarks.'Lucene.NET flat scan': DefaultJob [Dimension=64, Quantisation=Int8]
// *** Execute ***
// Launch: 1 / 1
// Execute: dotnet Rowles.LeanCorpus.Benchmarks-DefaultJob-1.dll --ipcPort 45493 --benchmarkName "Rowles.LeanCorpus.Benchmarks.VectorQuantisationBenchmarks.LuceneNet_Baseline(Dimension: 64, Quantisation: Int8)" --job Default --diagnoserRunMode 3 --benchmarkId 3 in /home/jordan/leancorpus/working_directory/src/devops/Rowles.LeanCorpus.Benchmarks/bin/Release/net10.0/Rowles.LeanCorpus.Benchmarks-DefaultJob-1/bin/Release/net10.0
// Failed to set up high priority (Permission denied). In order to run benchmarks with high priority, make sure you have the right permissions.
// BeforeAnythingElse

// Benchmark Process Environment Information:
// BenchmarkDotNet v0.16.0-nightly.20260427.506
// Runtime=.NET 10.0.3 (10.0.3, 10.0.326.7603), X64 RyuJIT x86-64-v2
// GC=Concurrent Workstation
// HardwareIntrinsics=AVX,SSE3+SSSE3+SSE4.1+SSE4.2+POPCNT,X86Base+SSE+SSE2,AES+PCLMUL VectorSize=128
// Job: DefaultJob

WorkloadJitting  1: 1 op, 323934048.00 ns, 323.9340 ms/op
WorkloadJitting  2: 30 op, 7777047186.00 ns, 259.2349 ms/op
WorkloadJitting  3: 7 op, 1797446986.00 ns, 256.7781 ms/op
WorkloadJitting  4: 1 op, 259442501.00 ns, 259.4425 ms/op

WorkloadPilot    1: 2 op, 511274833.00 ns, 255.6374 ms/op

WorkloadWarmup   1: 2 op, 514285224.00 ns, 257.1426 ms/op
WorkloadWarmup   2: 2 op, 507725520.00 ns, 253.8628 ms/op
WorkloadWarmup   3: 2 op, 507323577.00 ns, 253.6618 ms/op
WorkloadWarmup   4: 2 op, 512171694.00 ns, 256.0858 ms/op
WorkloadWarmup   5: 2 op, 512503143.00 ns, 256.2516 ms/op
WorkloadWarmup   6: 2 op, 514057835.00 ns, 257.0289 ms/op
WorkloadWarmup   7: 2 op, 516190013.00 ns, 258.0950 ms/op
WorkloadWarmup   8: 2 op, 511814821.00 ns, 255.9074 ms/op
WorkloadWarmup   9: 2 op, 516361023.00 ns, 258.1805 ms/op
WorkloadWarmup  10: 2 op, 516808940.00 ns, 258.4045 ms/op
WorkloadWarmup  11: 2 op, 509213673.00 ns, 254.6068 ms/op

// BeforeActualRun
WorkloadActual   1: 2 op, 509365056.00 ns, 254.6825 ms/op
WorkloadActual   2: 2 op, 504957574.00 ns, 252.4788 ms/op
WorkloadActual   3: 2 op, 509193632.00 ns, 254.5968 ms/op
WorkloadActual   4: 2 op, 506741404.00 ns, 253.3707 ms/op
WorkloadActual   5: 2 op, 505201196.00 ns, 252.6006 ms/op
WorkloadActual   6: 2 op, 508046347.00 ns, 254.0232 ms/op
WorkloadActual   7: 2 op, 506343412.00 ns, 253.1717 ms/op
WorkloadActual   8: 2 op, 506897299.00 ns, 253.4486 ms/op
WorkloadActual   9: 2 op, 507141010.00 ns, 253.5705 ms/op
WorkloadActual  10: 2 op, 502190013.00 ns, 251.0950 ms/op
WorkloadActual  11: 2 op, 507050328.00 ns, 253.5252 ms/op
WorkloadActual  12: 2 op, 507466746.00 ns, 253.7334 ms/op
WorkloadActual  13: 2 op, 507687754.00 ns, 253.8439 ms/op
WorkloadActual  14: 2 op, 510463688.00 ns, 255.2318 ms/op
WorkloadActual  15: 2 op, 508411738.00 ns, 254.2059 ms/op

// AfterActualRun
// BeforeExtraIteration
// AfterExtraIteration
WorkloadExtra    1: 2 op, 512214302.00 ns, 256.1072 ms/op
WorkloadResult   1: 2 op, 509365056.00 ns, 254.6825 ms/op
WorkloadResult   2: 2 op, 504957574.00 ns, 252.4788 ms/op
WorkloadResult   3: 2 op, 509193632.00 ns, 254.5968 ms/op
WorkloadResult   4: 2 op, 506741404.00 ns, 253.3707 ms/op
WorkloadResult   5: 2 op, 505201196.00 ns, 252.6006 ms/op
WorkloadResult   6: 2 op, 508046347.00 ns, 254.0232 ms/op
WorkloadResult   7: 2 op, 506343412.00 ns, 253.1717 ms/op
WorkloadResult   8: 2 op, 506897299.00 ns, 253.4486 ms/op
WorkloadResult   9: 2 op, 507141010.00 ns, 253.5705 ms/op
WorkloadResult  10: 2 op, 502190013.00 ns, 251.0950 ms/op
WorkloadResult  11: 2 op, 507050328.00 ns, 253.5252 ms/op
WorkloadResult  12: 2 op, 507466746.00 ns, 253.7334 ms/op
WorkloadResult  13: 2 op, 507687754.00 ns, 253.8439 ms/op
WorkloadResult  14: 2 op, 510463688.00 ns, 255.2318 ms/op
WorkloadResult  15: 2 op, 508411738.00 ns, 254.2059 ms/op
// GC:  42 0 0 177600208 2

// AfterAll
// Benchmark Process 366085 has exited with code 0.

Mean = 253.572 ms, StdErr = 0.260 ms (0.10%), N = 15, StdDev = 1.008 ms
Min = 251.095 ms, Q1 = 253.271 ms, Median = 253.571 ms, Q3 = 254.115 ms, Max = 255.232 ms
IQR = 0.843 ms, LowerFence = 252.006 ms, UpperFence = 255.379 ms
ConfidenceInterval = [252.494 ms; 254.650 ms] (CI 99.9%), Margin = 1.078 ms (0.43% of Mean)
Skewness = -0.66, Kurtosis = 3.25, MValue = 2

// ** Remained 12 (75.0%) benchmark(s) to run. Estimated finish 2026-07-30 14:54 (0h 36m from now) **
// **************************
// Benchmark: VectorQuantisationBenchmarks.'HNSW search': DefaultJob [Dimension=64, Quantisation=BBQ]
// *** Execute ***
// Launch: 1 / 1
// Execute: dotnet Rowles.LeanCorpus.Benchmarks-DefaultJob-1.dll --ipcPort 43415 --benchmarkName "Rowles.LeanCorpus.Benchmarks.VectorQuantisationBenchmarks.Search(Dimension: 64, Quantisation: BBQ)" --job Default --diagnoserRunMode 3 --benchmarkId 4 in /home/jordan/leancorpus/working_directory/src/devops/Rowles.LeanCorpus.Benchmarks/bin/Release/net10.0/Rowles.LeanCorpus.Benchmarks-DefaultJob-1/bin/Release/net10.0
// Failed to set up high priority (Permission denied). In order to run benchmarks with high priority, make sure you have the right permissions.
// BeforeAnythingElse

// Benchmark Process Environment Information:
// BenchmarkDotNet v0.16.0-nightly.20260427.506
// Runtime=.NET 10.0.3 (10.0.3, 10.0.326.7603), X64 RyuJIT x86-64-v2
// GC=Concurrent Workstation
// HardwareIntrinsics=AVX,SSE3+SSSE3+SSE4.1+SSE4.2+POPCNT,X86Base+SSE+SSE2,AES+PCLMUL VectorSize=128
// Job: DefaultJob

WorkloadJitting  1: 1 op, 5314627.00 ns, 5.3146 ms/op
WorkloadJitting  2: 30 op, 126521121.00 ns, 4.2174 ms/op
WorkloadJitting  3: 30 op, 125041489.00 ns, 4.1680 ms/op
WorkloadJitting  4: 30 op, 123550371.00 ns, 4.1183 ms/op
WorkloadJitting  5: 1 op, 5068314.00 ns, 5.0683 ms/op

WorkloadPilot    1: 1 op, 5463645.00 ns, 5.4636 ms/op

WorkloadPilot    1: 16 op, 66848111.00 ns, 4.1780 ms/op
WorkloadPilot    2: 32 op, 130813924.00 ns, 4.0879 ms/op
WorkloadPilot    3: 64 op, 257995864.00 ns, 4.0312 ms/op
WorkloadPilot    4: 128 op, 511592127.00 ns, 3.9968 ms/op

WorkloadWarmup   1: 128 op, 507027989.00 ns, 3.9612 ms/op
WorkloadWarmup   2: 128 op, 506140797.00 ns, 3.9542 ms/op
WorkloadWarmup   3: 128 op, 507769468.00 ns, 3.9669 ms/op
WorkloadWarmup   4: 128 op, 512362107.00 ns, 4.0028 ms/op
WorkloadWarmup   5: 128 op, 505583547.00 ns, 3.9499 ms/op
WorkloadWarmup   6: 128 op, 511422491.00 ns, 3.9955 ms/op
WorkloadWarmup   7: 128 op, 541238982.00 ns, 4.2284 ms/op
WorkloadWarmup   8: 128 op, 515713382.00 ns, 4.0290 ms/op

// BeforeActualRun
WorkloadActual   1: 128 op, 513081251.00 ns, 4.0084 ms/op
WorkloadActual   2: 128 op, 503357175.00 ns, 3.9325 ms/op
WorkloadActual   3: 128 op, 513090618.00 ns, 4.0085 ms/op
WorkloadActual   4: 128 op, 508830473.00 ns, 3.9752 ms/op
WorkloadActual   5: 128 op, 506131442.00 ns, 3.9542 ms/op
WorkloadActual   6: 128 op, 508331100.00 ns, 3.9713 ms/op
WorkloadActual   7: 128 op, 507813332.00 ns, 3.9673 ms/op
WorkloadActual   8: 128 op, 509218848.00 ns, 3.9783 ms/op
WorkloadActual   9: 128 op, 504158310.00 ns, 3.9387 ms/op
WorkloadActual  10: 128 op, 509691282.00 ns, 3.9820 ms/op
WorkloadActual  11: 128 op, 514302505.00 ns, 4.0180 ms/op
WorkloadActual  12: 128 op, 516875657.00 ns, 4.0381 ms/op
WorkloadActual  13: 128 op, 529805345.00 ns, 4.1391 ms/op
WorkloadActual  14: 128 op, 511802576.00 ns, 3.9985 ms/op
WorkloadActual  15: 128 op, 510211744.00 ns, 3.9860 ms/op

// AfterActualRun
// BeforeExtraIteration
// AfterExtraIteration
WorkloadExtra    1: 128 op, 514439824.00 ns, 4.0191 ms/op
WorkloadResult   1: 128 op, 513081251.00 ns, 4.0084 ms/op
WorkloadResult   2: 128 op, 503357175.00 ns, 3.9325 ms/op
WorkloadResult   3: 128 op, 513090618.00 ns, 4.0085 ms/op
WorkloadResult   4: 128 op, 508830473.00 ns, 3.9752 ms/op
WorkloadResult   5: 128 op, 506131442.00 ns, 3.9542 ms/op
WorkloadResult   6: 128 op, 508331100.00 ns, 3.9713 ms/op
WorkloadResult   7: 128 op, 507813332.00 ns, 3.9673 ms/op
WorkloadResult   8: 128 op, 509218848.00 ns, 3.9783 ms/op
WorkloadResult   9: 128 op, 504158310.00 ns, 3.9387 ms/op
WorkloadResult  10: 128 op, 509691282.00 ns, 3.9820 ms/op
WorkloadResult  11: 128 op, 514302505.00 ns, 4.0180 ms/op
WorkloadResult  12: 128 op, 516875657.00 ns, 4.0381 ms/op
WorkloadResult  13: 128 op, 511802576.00 ns, 3.9985 ms/op
WorkloadResult  14: 128 op, 510211744.00 ns, 3.9860 ms/op
// GC:  1 0 0 5658080 128

// AfterAll
// Benchmark Process 366608 has exited with code 0.

Mean = 3.983 ms, StdErr = 0.008 ms (0.20%), N = 14, StdDev = 0.030 ms
Min = 3.932 ms, Q1 = 3.968 ms, Median = 3.980 ms, Q3 = 4.006 ms, Max = 4.038 ms
IQR = 0.038 ms, LowerFence = 3.912 ms, UpperFence = 4.062 ms
ConfidenceInterval = [3.949 ms; 4.016 ms] (CI 99.9%), Margin = 0.034 ms (0.85% of Mean)
Skewness = 0.04, Kurtosis = 2.04, MValue = 2

// ** Remained 11 (68.8%) benchmark(s) to run. Estimated finish 2026-07-30 14:49 (0h 29m from now) **
// **************************
// Benchmark: VectorQuantisationBenchmarks.'Lucene.NET flat scan': DefaultJob [Dimension=64, Quantisation=BBQ]
// *** Execute ***
// Launch: 1 / 1
// Execute: dotnet Rowles.LeanCorpus.Benchmarks-DefaultJob-1.dll --ipcPort 41207 --benchmarkName "Rowles.LeanCorpus.Benchmarks.VectorQuantisationBenchmarks.LuceneNet_Baseline(Dimension: 64, Quantisation: BBQ)" --job Default --diagnoserRunMode 3 --benchmarkId 5 in /home/jordan/leancorpus/working_directory/src/devops/Rowles.LeanCorpus.Benchmarks/bin/Release/net10.0/Rowles.LeanCorpus.Benchmarks-DefaultJob-1/bin/Release/net10.0
// Failed to set up high priority (Permission denied). In order to run benchmarks with high priority, make sure you have the right permissions.
// BeforeAnythingElse

// Benchmark Process Environment Information:
// BenchmarkDotNet v0.16.0-nightly.20260427.506
// Runtime=.NET 10.0.3 (10.0.3, 10.0.326.7603), X64 RyuJIT x86-64-v2
// GC=Concurrent Workstation
// HardwareIntrinsics=AVX,SSE3+SSSE3+SSE4.1+SSE4.2+POPCNT,X86Base+SSE+SSE2,AES+PCLMUL VectorSize=128
// Job: DefaultJob

WorkloadJitting  1: 1 op, 319265401.00 ns, 319.2654 ms/op
WorkloadJitting  2: 30 op, 7683922993.00 ns, 256.1308 ms/op
WorkloadJitting  3: 7 op, 1808142366.00 ns, 258.3061 ms/op
WorkloadJitting  4: 1 op, 260507940.00 ns, 260.5079 ms/op

WorkloadPilot    1: 2 op, 516638955.00 ns, 258.3195 ms/op

WorkloadWarmup   1: 2 op, 515632718.00 ns, 257.8164 ms/op
WorkloadWarmup   2: 2 op, 514358716.00 ns, 257.1794 ms/op
WorkloadWarmup   3: 2 op, 514600740.00 ns, 257.3004 ms/op
WorkloadWarmup   4: 2 op, 513979265.00 ns, 256.9896 ms/op
WorkloadWarmup   5: 2 op, 514124332.00 ns, 257.0622 ms/op
WorkloadWarmup   6: 2 op, 517272093.00 ns, 258.6360 ms/op
WorkloadWarmup   7: 2 op, 513908059.00 ns, 256.9540 ms/op

// BeforeActualRun
WorkloadActual   1: 2 op, 517145301.00 ns, 258.5727 ms/op
WorkloadActual   2: 2 op, 515100545.00 ns, 257.5503 ms/op
WorkloadActual   3: 2 op, 517696205.00 ns, 258.8481 ms/op
WorkloadActual   4: 2 op, 509036590.00 ns, 254.5183 ms/op
WorkloadActual   5: 2 op, 504405800.00 ns, 252.2029 ms/op
WorkloadActual   6: 2 op, 508063442.00 ns, 254.0317 ms/op
WorkloadActual   7: 2 op, 506822078.00 ns, 253.4110 ms/op
WorkloadActual   8: 2 op, 505978494.00 ns, 252.9892 ms/op
WorkloadActual   9: 2 op, 509445088.00 ns, 254.7225 ms/op
WorkloadActual  10: 2 op, 511486113.00 ns, 255.7431 ms/op
WorkloadActual  11: 2 op, 510018389.00 ns, 255.0092 ms/op
WorkloadActual  12: 2 op, 509963312.00 ns, 254.9817 ms/op
WorkloadActual  13: 2 op, 505811543.00 ns, 252.9058 ms/op
WorkloadActual  14: 2 op, 511129219.00 ns, 255.5646 ms/op
WorkloadActual  15: 2 op, 510176586.00 ns, 255.0883 ms/op

// AfterActualRun
// BeforeExtraIteration
// AfterExtraIteration
WorkloadExtra    1: 2 op, 508312189.00 ns, 254.1561 ms/op
WorkloadResult   1: 2 op, 515100545.00 ns, 257.5503 ms/op
WorkloadResult   2: 2 op, 509036590.00 ns, 254.5183 ms/op
WorkloadResult   3: 2 op, 504405800.00 ns, 252.2029 ms/op
WorkloadResult   4: 2 op, 508063442.00 ns, 254.0317 ms/op
WorkloadResult   5: 2 op, 506822078.00 ns, 253.4110 ms/op
WorkloadResult   6: 2 op, 505978494.00 ns, 252.9892 ms/op
WorkloadResult   7: 2 op, 509445088.00 ns, 254.7225 ms/op
WorkloadResult   8: 2 op, 511486113.00 ns, 255.7431 ms/op
WorkloadResult   9: 2 op, 510018389.00 ns, 255.0092 ms/op
WorkloadResult  10: 2 op, 509963312.00 ns, 254.9817 ms/op
WorkloadResult  11: 2 op, 505811543.00 ns, 252.9058 ms/op
WorkloadResult  12: 2 op, 511129219.00 ns, 255.5646 ms/op
WorkloadResult  13: 2 op, 510176586.00 ns, 255.0883 ms/op
// GC:  42 0 0 177600208 2

// AfterAll
// Benchmark Process 366866 has exited with code 0.

Mean = 254.517 ms, StdErr = 0.395 ms (0.16%), N = 13, StdDev = 1.425 ms
Min = 252.203 ms, Q1 = 253.411 ms, Median = 254.723 ms, Q3 = 255.088 ms, Max = 257.550 ms
IQR = 1.677 ms, LowerFence = 250.895 ms, UpperFence = 257.604 ms
ConfidenceInterval = [252.810 ms; 256.223 ms] (CI 99.9%), Margin = 1.707 ms (0.67% of Mean)
Skewness = 0.26, Kurtosis = 2.44, MValue = 2

// ** Remained 10 (62.5%) benchmark(s) to run. Estimated finish 2026-07-30 14:45 (0h 24m from now) **
// **************************
// Benchmark: VectorQuantisationBenchmarks.'HNSW search': DefaultJob [Dimension=64, Quantisation=Int4]
// *** Execute ***
// Launch: 1 / 1
// Execute: dotnet Rowles.LeanCorpus.Benchmarks-DefaultJob-1.dll --ipcPort 44787 --benchmarkName "Rowles.LeanCorpus.Benchmarks.VectorQuantisationBenchmarks.Search(Dimension: 64, Quantisation: Int4)" --job Default --diagnoserRunMode 3 --benchmarkId 6 in /home/jordan/leancorpus/working_directory/src/devops/Rowles.LeanCorpus.Benchmarks/bin/Release/net10.0/Rowles.LeanCorpus.Benchmarks-DefaultJob-1/bin/Release/net10.0
// Failed to set up high priority (Permission denied). In order to run benchmarks with high priority, make sure you have the right permissions.
// BeforeAnythingElse

// Benchmark Process Environment Information:
// BenchmarkDotNet v0.16.0-nightly.20260427.506
// Runtime=.NET 10.0.3 (10.0.3, 10.0.326.7603), X64 RyuJIT x86-64-v2
// GC=Concurrent Workstation
// HardwareIntrinsics=AVX,SSE3+SSSE3+SSE4.1+SSE4.2+POPCNT,X86Base+SSE+SSE2,AES+PCLMUL VectorSize=128
// Job: DefaultJob

WorkloadJitting  1: 1 op, 7836596.00 ns, 7.8366 ms/op
WorkloadJitting  2: 30 op, 163864762.00 ns, 5.4622 ms/op
WorkloadJitting  3: 30 op, 165467965.00 ns, 5.5156 ms/op
WorkloadJitting  4: 30 op, 152087802.00 ns, 5.0696 ms/op
WorkloadJitting  5: 1 op, 8280911.00 ns, 8.2809 ms/op

WorkloadPilot    1: 1 op, 8755426.00 ns, 8.7554 ms/op

WorkloadPilot    1: 16 op, 83243314.00 ns, 5.2027 ms/op
WorkloadPilot    2: 32 op, 165049034.00 ns, 5.1578 ms/op
WorkloadPilot    3: 64 op, 316078476.00 ns, 4.9387 ms/op
WorkloadPilot    4: 128 op, 631595230.00 ns, 4.9343 ms/op

WorkloadWarmup   1: 128 op, 626395006.00 ns, 4.8937 ms/op
WorkloadWarmup   2: 128 op, 618932445.00 ns, 4.8354 ms/op
WorkloadWarmup   3: 128 op, 631609119.00 ns, 4.9344 ms/op
WorkloadWarmup   4: 128 op, 625967196.00 ns, 4.8904 ms/op
WorkloadWarmup   5: 128 op, 623919540.00 ns, 4.8744 ms/op
WorkloadWarmup   6: 128 op, 621027543.00 ns, 4.8518 ms/op
WorkloadWarmup   7: 128 op, 636676736.00 ns, 4.9740 ms/op
WorkloadWarmup   8: 128 op, 629341802.00 ns, 4.9167 ms/op

// BeforeActualRun
WorkloadActual   1: 128 op, 628597772.00 ns, 4.9109 ms/op
WorkloadActual   2: 128 op, 625456845.00 ns, 4.8864 ms/op
WorkloadActual   3: 128 op, 620676297.00 ns, 4.8490 ms/op
WorkloadActual   4: 128 op, 625058361.00 ns, 4.8833 ms/op
WorkloadActual   5: 128 op, 624501958.00 ns, 4.8789 ms/op
WorkloadActual   6: 128 op, 619080652.00 ns, 4.8366 ms/op
WorkloadActual   7: 128 op, 619297291.00 ns, 4.8383 ms/op
WorkloadActual   8: 128 op, 625732663.00 ns, 4.8885 ms/op
WorkloadActual   9: 128 op, 628334208.00 ns, 4.9089 ms/op
WorkloadActual  10: 128 op, 634730751.00 ns, 4.9588 ms/op
WorkloadActual  11: 128 op, 629124106.00 ns, 4.9150 ms/op
WorkloadActual  12: 128 op, 632097296.00 ns, 4.9383 ms/op
WorkloadActual  13: 128 op, 629400002.00 ns, 4.9172 ms/op
WorkloadActual  14: 128 op, 634717551.00 ns, 4.9587 ms/op
WorkloadActual  15: 128 op, 629332564.00 ns, 4.9167 ms/op

// AfterActualRun
// BeforeExtraIteration
// AfterExtraIteration
WorkloadExtra    1: 128 op, 630449554.00 ns, 4.9254 ms/op
WorkloadResult   1: 128 op, 628597772.00 ns, 4.9109 ms/op
WorkloadResult   2: 128 op, 625456845.00 ns, 4.8864 ms/op
WorkloadResult   3: 128 op, 620676297.00 ns, 4.8490 ms/op
WorkloadResult   4: 128 op, 625058361.00 ns, 4.8833 ms/op
WorkloadResult   5: 128 op, 624501958.00 ns, 4.8789 ms/op
WorkloadResult   6: 128 op, 619080652.00 ns, 4.8366 ms/op
WorkloadResult   7: 128 op, 619297291.00 ns, 4.8383 ms/op
WorkloadResult   8: 128 op, 625732663.00 ns, 4.8885 ms/op
WorkloadResult   9: 128 op, 628334208.00 ns, 4.9089 ms/op
WorkloadResult  10: 128 op, 634730751.00 ns, 4.9588 ms/op
WorkloadResult  11: 128 op, 629124106.00 ns, 4.9150 ms/op
WorkloadResult  12: 128 op, 632097296.00 ns, 4.9383 ms/op
WorkloadResult  13: 128 op, 629400002.00 ns, 4.9172 ms/op
WorkloadResult  14: 128 op, 634717551.00 ns, 4.9587 ms/op
WorkloadResult  15: 128 op, 629332564.00 ns, 4.9167 ms/op
// GC:  150 0 0 630174096 128

// AfterAll
// Benchmark Process 367029 has exited with code 0.

Mean = 4.899 ms, StdErr = 0.010 ms (0.20%), N = 15, StdDev = 0.039 ms
Min = 4.837 ms, Q1 = 4.881 ms, Median = 4.909 ms, Q3 = 4.917 ms, Max = 4.959 ms
IQR = 0.036 ms, LowerFence = 4.827 ms, UpperFence = 4.971 ms
ConfidenceInterval = [4.858 ms; 4.940 ms] (CI 99.9%), Margin = 0.041 ms (0.84% of Mean)
Skewness = -0.12, Kurtosis = 1.91, MValue = 2

// ** Remained 9 (56.2%) benchmark(s) to run. Estimated finish 2026-07-30 14:42 (0h 20m from now) **
// **************************
// Benchmark: VectorQuantisationBenchmarks.'Lucene.NET flat scan': DefaultJob [Dimension=64, Quantisation=Int4]
// *** Execute ***
// Launch: 1 / 1
// Execute: dotnet Rowles.LeanCorpus.Benchmarks-DefaultJob-1.dll --ipcPort 43153 --benchmarkName "Rowles.LeanCorpus.Benchmarks.VectorQuantisationBenchmarks.LuceneNet_Baseline(Dimension: 64, Quantisation: Int4)" --job Default --diagnoserRunMode 3 --benchmarkId 7 in /home/jordan/leancorpus/working_directory/src/devops/Rowles.LeanCorpus.Benchmarks/bin/Release/net10.0/Rowles.LeanCorpus.Benchmarks-DefaultJob-1/bin/Release/net10.0
// Failed to set up high priority (Permission denied). In order to run benchmarks with high priority, make sure you have the right permissions.
// BeforeAnythingElse

// Benchmark Process Environment Information:
// BenchmarkDotNet v0.16.0-nightly.20260427.506
// Runtime=.NET 10.0.3 (10.0.3, 10.0.326.7603), X64 RyuJIT x86-64-v2
// GC=Concurrent Workstation
// HardwareIntrinsics=AVX,SSE3+SSSE3+SSE4.1+SSE4.2+POPCNT,X86Base+SSE+SSE2,AES+PCLMUL VectorSize=128
// Job: DefaultJob

WorkloadJitting  1: 1 op, 322141542.00 ns, 322.1415 ms/op
WorkloadJitting  2: 30 op, 7754502870.00 ns, 258.4834 ms/op
WorkloadJitting  3: 7 op, 1783170827.00 ns, 254.7387 ms/op
WorkloadJitting  4: 1 op, 256863061.00 ns, 256.8631 ms/op

WorkloadPilot    1: 2 op, 509478047.00 ns, 254.7390 ms/op

WorkloadWarmup   1: 2 op, 509221871.00 ns, 254.6109 ms/op
WorkloadWarmup   2: 2 op, 509397465.00 ns, 254.6987 ms/op
WorkloadWarmup   3: 2 op, 503380313.00 ns, 251.6902 ms/op
WorkloadWarmup   4: 2 op, 508453356.00 ns, 254.2267 ms/op
WorkloadWarmup   5: 2 op, 509842841.00 ns, 254.9214 ms/op
WorkloadWarmup   6: 2 op, 514153035.00 ns, 257.0765 ms/op
WorkloadWarmup   7: 2 op, 509950548.00 ns, 254.9753 ms/op

// BeforeActualRun
WorkloadActual   1: 2 op, 510727295.00 ns, 255.3636 ms/op
WorkloadActual   2: 2 op, 501554388.00 ns, 250.7772 ms/op
WorkloadActual   3: 2 op, 512610515.00 ns, 256.3053 ms/op
WorkloadActual   4: 2 op, 503549488.00 ns, 251.7747 ms/op
WorkloadActual   5: 2 op, 506041414.00 ns, 253.0207 ms/op
WorkloadActual   6: 2 op, 503145717.00 ns, 251.5729 ms/op
WorkloadActual   7: 2 op, 504423688.00 ns, 252.2118 ms/op
WorkloadActual   8: 2 op, 507151922.00 ns, 253.5760 ms/op
WorkloadActual   9: 2 op, 509630530.00 ns, 254.8153 ms/op
WorkloadActual  10: 2 op, 507758326.00 ns, 253.8792 ms/op
WorkloadActual  11: 2 op, 512794756.00 ns, 256.3974 ms/op
WorkloadActual  12: 2 op, 508608769.00 ns, 254.3044 ms/op
WorkloadActual  13: 2 op, 505570920.00 ns, 252.7855 ms/op
WorkloadActual  14: 2 op, 508257488.00 ns, 254.1287 ms/op
WorkloadActual  15: 2 op, 504315468.00 ns, 252.1577 ms/op

// AfterActualRun
// BeforeExtraIteration
// AfterExtraIteration
WorkloadExtra    1: 2 op, 506243352.00 ns, 253.1217 ms/op
WorkloadResult   1: 2 op, 510727295.00 ns, 255.3636 ms/op
WorkloadResult   2: 2 op, 501554388.00 ns, 250.7772 ms/op
WorkloadResult   3: 2 op, 512610515.00 ns, 256.3053 ms/op
WorkloadResult   4: 2 op, 503549488.00 ns, 251.7747 ms/op
WorkloadResult   5: 2 op, 506041414.00 ns, 253.0207 ms/op
WorkloadResult   6: 2 op, 503145717.00 ns, 251.5729 ms/op
WorkloadResult   7: 2 op, 504423688.00 ns, 252.2118 ms/op
WorkloadResult   8: 2 op, 507151922.00 ns, 253.5760 ms/op
WorkloadResult   9: 2 op, 509630530.00 ns, 254.8153 ms/op
WorkloadResult  10: 2 op, 507758326.00 ns, 253.8792 ms/op
WorkloadResult  11: 2 op, 512794756.00 ns, 256.3974 ms/op
WorkloadResult  12: 2 op, 508608769.00 ns, 254.3044 ms/op
WorkloadResult  13: 2 op, 505570920.00 ns, 252.7855 ms/op
WorkloadResult  14: 2 op, 508257488.00 ns, 254.1287 ms/op
WorkloadResult  15: 2 op, 504315468.00 ns, 252.1577 ms/op
// GC:  42 0 0 177600208 2

// AfterAll
// Benchmark Process 367207 has exited with code 0.

Mean = 253.538 ms, StdErr = 0.442 ms (0.17%), N = 15, StdDev = 1.710 ms
Min = 250.777 ms, Q1 = 252.185 ms, Median = 253.576 ms, Q3 = 254.560 ms, Max = 256.397 ms
IQR = 2.375 ms, LowerFence = 248.622 ms, UpperFence = 258.122 ms
ConfidenceInterval = [251.710 ms; 255.366 ms] (CI 99.9%), Margin = 1.828 ms (0.72% of Mean)
Skewness = 0.18, Kurtosis = 1.79, MValue = 2

// ** Remained 8 (50.0%) benchmark(s) to run. Estimated finish 2026-07-30 14:41 (0h 17m from now) **
// **************************
// Benchmark: VectorQuantisationBenchmarks.'HNSW search': DefaultJob [Dimension=128, Quantisation=None]
// *** Execute ***
// Launch: 1 / 1
// Execute: dotnet Rowles.LeanCorpus.Benchmarks-DefaultJob-1.dll --ipcPort 38377 --benchmarkName "Rowles.LeanCorpus.Benchmarks.VectorQuantisationBenchmarks.Search(Dimension: 128, Quantisation: None)" --job Default --diagnoserRunMode 3 --benchmarkId 8 in /home/jordan/leancorpus/working_directory/src/devops/Rowles.LeanCorpus.Benchmarks/bin/Release/net10.0/Rowles.LeanCorpus.Benchmarks-DefaultJob-1/bin/Release/net10.0
// Failed to set up high priority (Permission denied). In order to run benchmarks with high priority, make sure you have the right permissions.
// BeforeAnythingElse

// Benchmark Process Environment Information:
// BenchmarkDotNet v0.16.0-nightly.20260427.506
// Runtime=.NET 10.0.3 (10.0.3, 10.0.326.7603), X64 RyuJIT x86-64-v2
// GC=Concurrent Workstation
// HardwareIntrinsics=AVX,SSE3+SSSE3+SSE4.1+SSE4.2+POPCNT,X86Base+SSE+SSE2,AES+PCLMUL VectorSize=128
// Job: DefaultJob

WorkloadJitting  1: 1 op, 5614761.00 ns, 5.6148 ms/op
WorkloadJitting  2: 30 op, 132196963.00 ns, 4.4066 ms/op
WorkloadJitting  3: 30 op, 132386326.00 ns, 4.4129 ms/op
WorkloadJitting  4: 30 op, 127379808.00 ns, 4.2460 ms/op
WorkloadJitting  5: 1 op, 5191521.00 ns, 5.1915 ms/op

WorkloadPilot    1: 1 op, 5558754.00 ns, 5.5588 ms/op

WorkloadPilot    1: 16 op, 69858104.00 ns, 4.3661 ms/op
WorkloadPilot    2: 32 op, 135688011.00 ns, 4.2403 ms/op
WorkloadPilot    3: 64 op, 271921909.00 ns, 4.2488 ms/op
WorkloadPilot    4: 128 op, 533070331.00 ns, 4.1646 ms/op

WorkloadWarmup   1: 128 op, 526388065.00 ns, 4.1124 ms/op
WorkloadWarmup   2: 128 op, 530769546.00 ns, 4.1466 ms/op
WorkloadWarmup   3: 128 op, 526826333.00 ns, 4.1158 ms/op
WorkloadWarmup   4: 128 op, 523126312.00 ns, 4.0869 ms/op
WorkloadWarmup   5: 128 op, 524362450.00 ns, 4.0966 ms/op
WorkloadWarmup   6: 128 op, 530264771.00 ns, 4.1427 ms/op
WorkloadWarmup   7: 128 op, 529454771.00 ns, 4.1364 ms/op

// BeforeActualRun
WorkloadActual   1: 128 op, 526633925.00 ns, 4.1143 ms/op
WorkloadActual   2: 128 op, 519376916.00 ns, 4.0576 ms/op
WorkloadActual   3: 128 op, 529777653.00 ns, 4.1389 ms/op
WorkloadActual   4: 128 op, 525515037.00 ns, 4.1056 ms/op
WorkloadActual   5: 128 op, 524130788.00 ns, 4.0948 ms/op
WorkloadActual   6: 128 op, 523873364.00 ns, 4.0928 ms/op
WorkloadActual   7: 128 op, 526083732.00 ns, 4.1100 ms/op
WorkloadActual   8: 128 op, 522343079.00 ns, 4.0808 ms/op
WorkloadActual   9: 128 op, 525952781.00 ns, 4.1090 ms/op
WorkloadActual  10: 128 op, 528879654.00 ns, 4.1319 ms/op
WorkloadActual  11: 128 op, 532547220.00 ns, 4.1605 ms/op
WorkloadActual  12: 128 op, 528640143.00 ns, 4.1300 ms/op
WorkloadActual  13: 128 op, 529411986.00 ns, 4.1360 ms/op
WorkloadActual  14: 128 op, 530641954.00 ns, 4.1456 ms/op
WorkloadActual  15: 128 op, 535696271.00 ns, 4.1851 ms/op

// AfterActualRun
// BeforeExtraIteration
// AfterExtraIteration
WorkloadExtra    1: 128 op, 526707715.00 ns, 4.1149 ms/op
WorkloadResult   1: 128 op, 526633925.00 ns, 4.1143 ms/op
WorkloadResult   2: 128 op, 519376916.00 ns, 4.0576 ms/op
WorkloadResult   3: 128 op, 529777653.00 ns, 4.1389 ms/op
WorkloadResult   4: 128 op, 525515037.00 ns, 4.1056 ms/op
WorkloadResult   5: 128 op, 524130788.00 ns, 4.0948 ms/op
WorkloadResult   6: 128 op, 523873364.00 ns, 4.0928 ms/op
WorkloadResult   7: 128 op, 526083732.00 ns, 4.1100 ms/op
WorkloadResult   8: 128 op, 522343079.00 ns, 4.0808 ms/op
WorkloadResult   9: 128 op, 525952781.00 ns, 4.1090 ms/op
WorkloadResult  10: 128 op, 528879654.00 ns, 4.1319 ms/op
WorkloadResult  11: 128 op, 532547220.00 ns, 4.1605 ms/op
WorkloadResult  12: 128 op, 528640143.00 ns, 4.1300 ms/op
WorkloadResult  13: 128 op, 529411986.00 ns, 4.1360 ms/op
WorkloadResult  14: 128 op, 530641954.00 ns, 4.1456 ms/op
WorkloadResult  15: 128 op, 535696271.00 ns, 4.1851 ms/op
// GC:  1 0 0 6026720 128

// AfterAll
// Benchmark Process 367497 has exited with code 0.

Mean = 4.120 ms, StdErr = 0.008 ms (0.20%), N = 15, StdDev = 0.032 ms
Min = 4.058 ms, Q1 = 4.100 ms, Median = 4.114 ms, Q3 = 4.137 ms, Max = 4.185 ms
IQR = 0.037 ms, LowerFence = 4.044 ms, UpperFence = 4.193 ms
ConfidenceInterval = [4.085 ms; 4.154 ms] (CI 99.9%), Margin = 0.035 ms (0.84% of Mean)
Skewness = 0.1, Kurtosis = 2.43, MValue = 2

// ** Remained 7 (43.8%) benchmark(s) to run. Estimated finish 2026-07-30 14:40 (0h 14m from now) **
// **************************
// Benchmark: VectorQuantisationBenchmarks.'Lucene.NET flat scan': DefaultJob [Dimension=128, Quantisation=None]
// *** Execute ***
// Launch: 1 / 1
// Execute: dotnet Rowles.LeanCorpus.Benchmarks-DefaultJob-1.dll --ipcPort 39979 --benchmarkName "Rowles.LeanCorpus.Benchmarks.VectorQuantisationBenchmarks.LuceneNet_Baseline(Dimension: 128, Quantisation: None)" --job Default --diagnoserRunMode 3 --benchmarkId 9 in /home/jordan/leancorpus/working_directory/src/devops/Rowles.LeanCorpus.Benchmarks/bin/Release/net10.0/Rowles.LeanCorpus.Benchmarks-DefaultJob-1/bin/Release/net10.0
// Failed to set up high priority (Permission denied). In order to run benchmarks with high priority, make sure you have the right permissions.
// BeforeAnythingElse

// Benchmark Process Environment Information:
// BenchmarkDotNet v0.16.0-nightly.20260427.506
// Runtime=.NET 10.0.3 (10.0.3, 10.0.326.7603), X64 RyuJIT x86-64-v2
// GC=Concurrent Workstation
// HardwareIntrinsics=AVX,SSE3+SSSE3+SSE4.1+SSE4.2+POPCNT,X86Base+SSE+SSE2,AES+PCLMUL VectorSize=128
// Job: DefaultJob

WorkloadJitting  1: 1 op, 308272352.00 ns, 308.2724 ms/op
WorkloadJitting  2: 30 op, 7439793195.00 ns, 247.9931 ms/op
WorkloadJitting  3: 9 op, 2183387983.00 ns, 242.5987 ms/op
WorkloadJitting  4: 1 op, 243656932.00 ns, 243.6569 ms/op

WorkloadPilot    1: 2 op, 490174756.00 ns, 245.0874 ms/op
WorkloadPilot    2: 3 op, 725562248.00 ns, 241.8541 ms/op

WorkloadWarmup   1: 3 op, 728436861.00 ns, 242.8123 ms/op
WorkloadWarmup   2: 3 op, 721935356.00 ns, 240.6451 ms/op
WorkloadWarmup   3: 3 op, 727864576.00 ns, 242.6215 ms/op
WorkloadWarmup   4: 3 op, 723493122.00 ns, 241.1644 ms/op
WorkloadWarmup   5: 3 op, 728918044.00 ns, 242.9727 ms/op
WorkloadWarmup   6: 3 op, 744381952.00 ns, 248.1273 ms/op
WorkloadWarmup   7: 3 op, 713692877.00 ns, 237.8976 ms/op

// BeforeActualRun
WorkloadActual   1: 3 op, 712145614.00 ns, 237.3819 ms/op
WorkloadActual   2: 3 op, 713838771.00 ns, 237.9463 ms/op
WorkloadActual   3: 3 op, 720107251.00 ns, 240.0358 ms/op
WorkloadActual   4: 3 op, 718836398.00 ns, 239.6121 ms/op
WorkloadActual   5: 3 op, 701975647.00 ns, 233.9919 ms/op
WorkloadActual   6: 3 op, 703372086.00 ns, 234.4574 ms/op
WorkloadActual   7: 3 op, 702699503.00 ns, 234.2332 ms/op
WorkloadActual   8: 3 op, 704750896.00 ns, 234.9170 ms/op
WorkloadActual   9: 3 op, 711895971.00 ns, 237.2987 ms/op
WorkloadActual  10: 3 op, 709349263.00 ns, 236.4498 ms/op
WorkloadActual  11: 3 op, 705603042.00 ns, 235.2010 ms/op
WorkloadActual  12: 3 op, 709948706.00 ns, 236.6496 ms/op
WorkloadActual  13: 3 op, 710020070.00 ns, 236.6734 ms/op
WorkloadActual  14: 3 op, 708144194.00 ns, 236.0481 ms/op
WorkloadActual  15: 3 op, 710193011.00 ns, 236.7310 ms/op

// AfterActualRun
// BeforeExtraIteration
// AfterExtraIteration
WorkloadExtra    1: 3 op, 709417713.00 ns, 236.4726 ms/op
WorkloadResult   1: 3 op, 712145614.00 ns, 237.3819 ms/op
WorkloadResult   2: 3 op, 713838771.00 ns, 237.9463 ms/op
WorkloadResult   3: 3 op, 720107251.00 ns, 240.0358 ms/op
WorkloadResult   4: 3 op, 718836398.00 ns, 239.6121 ms/op
WorkloadResult   5: 3 op, 701975647.00 ns, 233.9919 ms/op
WorkloadResult   6: 3 op, 703372086.00 ns, 234.4574 ms/op
WorkloadResult   7: 3 op, 702699503.00 ns, 234.2332 ms/op
WorkloadResult   8: 3 op, 704750896.00 ns, 234.9170 ms/op
WorkloadResult   9: 3 op, 711895971.00 ns, 237.2987 ms/op
WorkloadResult  10: 3 op, 709349263.00 ns, 236.4498 ms/op
WorkloadResult  11: 3 op, 705603042.00 ns, 235.2010 ms/op
WorkloadResult  12: 3 op, 709948706.00 ns, 236.6496 ms/op
WorkloadResult  13: 3 op, 710020070.00 ns, 236.6734 ms/op
WorkloadResult  14: 3 op, 708144194.00 ns, 236.0481 ms/op
WorkloadResult  15: 3 op, 710193011.00 ns, 236.7310 ms/op
// GC:  100 0 0 420000312 3

// AfterAll
// Benchmark Process 368379 has exited with code 0.

Mean = 236.508 ms, StdErr = 0.467 ms (0.20%), N = 15, StdDev = 1.809 ms
Min = 233.992 ms, Q1 = 235.059 ms, Median = 236.650 ms, Q3 = 237.340 ms, Max = 240.036 ms
IQR = 2.281 ms, LowerFence = 231.637 ms, UpperFence = 240.762 ms
ConfidenceInterval = [234.575 ms; 238.442 ms] (CI 99.9%), Margin = 1.934 ms (0.82% of Mean)
Skewness = 0.4, Kurtosis = 2.16, MValue = 2

// ** Remained 6 (37.5%) benchmark(s) to run. Estimated finish 2026-07-30 14:41 (0h 12m from now) **
// **************************
// Benchmark: VectorQuantisationBenchmarks.'HNSW search': DefaultJob [Dimension=128, Quantisation=Int8]
// *** Execute ***
// Launch: 1 / 1
// Execute: dotnet Rowles.LeanCorpus.Benchmarks-DefaultJob-1.dll --ipcPort 33995 --benchmarkName "Rowles.LeanCorpus.Benchmarks.VectorQuantisationBenchmarks.Search(Dimension: 128, Quantisation: Int8)" --job Default --diagnoserRunMode 3 --benchmarkId 10 in /home/jordan/leancorpus/working_directory/src/devops/Rowles.LeanCorpus.Benchmarks/bin/Release/net10.0/Rowles.LeanCorpus.Benchmarks-DefaultJob-1/bin/Release/net10.0
// Failed to set up high priority (Permission denied). In order to run benchmarks with high priority, make sure you have the right permissions.
// BeforeAnythingElse

// Benchmark Process Environment Information:
// BenchmarkDotNet v0.16.0-nightly.20260427.506
// Runtime=.NET 10.0.3 (10.0.3, 10.0.326.7603), X64 RyuJIT x86-64-v2
// GC=Concurrent Workstation
// HardwareIntrinsics=AVX,SSE3+SSSE3+SSE4.1+SSE4.2+POPCNT,X86Base+SSE+SSE2,AES+PCLMUL VectorSize=128
// Job: DefaultJob

WorkloadJitting  1: 1 op, 6222642.00 ns, 6.2226 ms/op
WorkloadJitting  2: 30 op, 211426304.00 ns, 7.0475 ms/op
WorkloadJitting  3: 30 op, 215173848.00 ns, 7.1725 ms/op
WorkloadJitting  4: 30 op, 168258287.00 ns, 5.6086 ms/op
WorkloadJitting  5: 1 op, 6232196.00 ns, 6.2322 ms/op

WorkloadPilot    1: 1 op, 14619091.00 ns, 14.6191 ms/op

WorkloadPilot    1: 16 op, 90636506.00 ns, 5.6648 ms/op
WorkloadPilot    2: 32 op, 196364942.00 ns, 6.1364 ms/op
WorkloadPilot    3: 64 op, 417689020.00 ns, 6.5264 ms/op
WorkloadPilot    4: 128 op, 721100689.00 ns, 5.6336 ms/op

WorkloadWarmup   1: 128 op, 831582964.00 ns, 6.4967 ms/op
WorkloadWarmup   2: 128 op, 760876429.00 ns, 5.9443 ms/op
WorkloadWarmup   3: 128 op, 740270124.00 ns, 5.7834 ms/op
WorkloadWarmup   4: 128 op, 767338783.00 ns, 5.9948 ms/op
WorkloadWarmup   5: 128 op, 773818155.00 ns, 6.0455 ms/op
WorkloadWarmup   6: 128 op, 786957295.00 ns, 6.1481 ms/op
WorkloadWarmup   7: 128 op, 735127869.00 ns, 5.7432 ms/op
WorkloadWarmup   8: 128 op, 848477479.00 ns, 6.6287 ms/op
WorkloadWarmup   9: 128 op, 700149534.00 ns, 5.4699 ms/op

// BeforeActualRun
WorkloadActual   1: 128 op, 790647634.00 ns, 6.1769 ms/op
WorkloadActual   2: 128 op, 795358935.00 ns, 6.2137 ms/op
WorkloadActual   3: 128 op, 789302390.00 ns, 6.1664 ms/op
WorkloadActual   4: 128 op, 773480830.00 ns, 6.0428 ms/op
WorkloadActual   5: 128 op, 727154347.00 ns, 5.6809 ms/op
WorkloadActual   6: 128 op, 768340964.00 ns, 6.0027 ms/op
WorkloadActual   7: 128 op, 748624860.00 ns, 5.8486 ms/op
WorkloadActual   8: 128 op, 782169940.00 ns, 6.1107 ms/op
WorkloadActual   9: 128 op, 740696003.00 ns, 5.7867 ms/op
WorkloadActual  10: 128 op, 715030269.00 ns, 5.5862 ms/op
WorkloadActual  11: 128 op, 754629020.00 ns, 5.8955 ms/op
WorkloadActual  12: 128 op, 841094749.00 ns, 6.5711 ms/op
WorkloadActual  13: 128 op, 781319404.00 ns, 6.1041 ms/op
WorkloadActual  14: 128 op, 880690537.00 ns, 6.8804 ms/op
WorkloadActual  15: 128 op, 759559113.00 ns, 5.9341 ms/op
WorkloadActual  16: 128 op, 725550278.00 ns, 5.6684 ms/op
WorkloadActual  17: 128 op, 813420860.00 ns, 6.3549 ms/op
WorkloadActual  18: 128 op, 784712108.00 ns, 6.1306 ms/op
WorkloadActual  19: 128 op, 768430966.00 ns, 6.0034 ms/op
WorkloadActual  20: 128 op, 837005494.00 ns, 6.5391 ms/op
WorkloadActual  21: 128 op, 814307707.00 ns, 6.3618 ms/op
WorkloadActual  22: 128 op, 765066822.00 ns, 5.9771 ms/op
WorkloadActual  23: 128 op, 778994597.00 ns, 6.0859 ms/op
WorkloadActual  24: 128 op, 850703215.00 ns, 6.6461 ms/op
WorkloadActual  25: 128 op, 808790639.00 ns, 6.3187 ms/op
WorkloadActual  26: 128 op, 795505697.00 ns, 6.2149 ms/op
WorkloadActual  27: 128 op, 813511790.00 ns, 6.3556 ms/op
WorkloadActual  28: 128 op, 775518755.00 ns, 6.0587 ms/op
WorkloadActual  29: 128 op, 769608667.00 ns, 6.0126 ms/op
WorkloadActual  30: 128 op, 857896955.00 ns, 6.7023 ms/op
WorkloadActual  31: 128 op, 832976301.00 ns, 6.5076 ms/op
WorkloadActual  32: 128 op, 779506338.00 ns, 6.0899 ms/op
WorkloadActual  33: 128 op, 778097460.00 ns, 6.0789 ms/op
WorkloadActual  34: 128 op, 774482684.00 ns, 6.0506 ms/op
WorkloadActual  35: 128 op, 766157595.00 ns, 5.9856 ms/op
WorkloadActual  36: 128 op, 838887740.00 ns, 6.5538 ms/op
WorkloadActual  37: 128 op, 773201861.00 ns, 6.0406 ms/op
WorkloadActual  38: 128 op, 811301799.00 ns, 6.3383 ms/op
WorkloadActual  39: 128 op, 823117839.00 ns, 6.4306 ms/op
WorkloadActual  40: 128 op, 688772710.00 ns, 5.3810 ms/op
WorkloadActual  41: 128 op, 695173269.00 ns, 5.4310 ms/op
WorkloadActual  42: 128 op, 828036844.00 ns, 6.4690 ms/op
WorkloadActual  43: 128 op, 759269805.00 ns, 5.9318 ms/op
WorkloadActual  44: 128 op, 698526360.00 ns, 5.4572 ms/op
WorkloadActual  45: 128 op, 786829259.00 ns, 6.1471 ms/op
WorkloadActual  46: 128 op, 857750702.00 ns, 6.7012 ms/op
WorkloadActual  47: 128 op, 898444797.00 ns, 7.0191 ms/op
WorkloadActual  48: 128 op, 793763400.00 ns, 6.2013 ms/op
WorkloadActual  49: 128 op, 787107295.00 ns, 6.1493 ms/op
WorkloadActual  50: 128 op, 770607899.00 ns, 6.0204 ms/op
WorkloadActual  51: 128 op, 723245464.00 ns, 5.6504 ms/op
WorkloadActual  52: 128 op, 651151087.00 ns, 5.0871 ms/op
WorkloadActual  53: 128 op, 710745245.00 ns, 5.5527 ms/op
WorkloadActual  54: 128 op, 588840230.00 ns, 4.6003 ms/op
WorkloadActual  55: 128 op, 612292204.00 ns, 4.7835 ms/op
WorkloadActual  56: 128 op, 696265841.00 ns, 5.4396 ms/op
WorkloadActual  57: 128 op, 636800984.00 ns, 4.9750 ms/op
WorkloadActual  58: 128 op, 656950075.00 ns, 5.1324 ms/op
WorkloadActual  59: 128 op, 567094529.00 ns, 4.4304 ms/op
WorkloadActual  60: 128 op, 585497606.00 ns, 4.5742 ms/op
WorkloadActual  61: 128 op, 564825227.00 ns, 4.4127 ms/op
WorkloadActual  62: 128 op, 566872458.00 ns, 4.4287 ms/op
WorkloadActual  63: 128 op, 567913960.00 ns, 4.4368 ms/op
WorkloadActual  64: 128 op, 569386902.00 ns, 4.4483 ms/op
WorkloadActual  65: 128 op, 560142071.00 ns, 4.3761 ms/op
WorkloadActual  66: 128 op, 567326206.00 ns, 4.4322 ms/op
WorkloadActual  67: 128 op, 567113131.00 ns, 4.4306 ms/op
WorkloadActual  68: 128 op, 566640564.00 ns, 4.4269 ms/op
WorkloadActual  69: 128 op, 569262750.00 ns, 4.4474 ms/op
WorkloadActual  70: 128 op, 567581527.00 ns, 4.4342 ms/op
WorkloadActual  71: 128 op, 567246390.00 ns, 4.4316 ms/op
WorkloadActual  72: 128 op, 578318523.00 ns, 4.5181 ms/op
WorkloadActual  73: 128 op, 563244107.00 ns, 4.4003 ms/op
WorkloadActual  74: 128 op, 568460454.00 ns, 4.4411 ms/op
WorkloadActual  75: 128 op, 563193645.00 ns, 4.4000 ms/op
WorkloadActual  76: 128 op, 568318888.00 ns, 4.4400 ms/op
WorkloadActual  77: 128 op, 567642672.00 ns, 4.4347 ms/op
WorkloadActual  78: 128 op, 564312100.00 ns, 4.4087 ms/op
WorkloadActual  79: 128 op, 559404161.00 ns, 4.3703 ms/op
WorkloadActual  80: 128 op, 568356083.00 ns, 4.4403 ms/op
WorkloadActual  81: 128 op, 577603525.00 ns, 4.5125 ms/op
WorkloadActual  82: 128 op, 567609948.00 ns, 4.4345 ms/op
WorkloadActual  83: 128 op, 569107147.00 ns, 4.4461 ms/op
WorkloadActual  84: 128 op, 569507233.00 ns, 4.4493 ms/op
WorkloadActual  85: 128 op, 570010881.00 ns, 4.4532 ms/op
WorkloadActual  86: 128 op, 569031914.00 ns, 4.4456 ms/op
WorkloadActual  87: 128 op, 568082335.00 ns, 4.4381 ms/op
WorkloadActual  88: 128 op, 566867768.00 ns, 4.4287 ms/op
WorkloadActual  89: 128 op, 581309001.00 ns, 4.5415 ms/op
WorkloadActual  90: 128 op, 569859616.00 ns, 4.4520 ms/op
WorkloadActual  91: 128 op, 570215192.00 ns, 4.4548 ms/op
WorkloadActual  92: 128 op, 568792421.00 ns, 4.4437 ms/op
WorkloadActual  93: 128 op, 568853265.00 ns, 4.4442 ms/op
WorkloadActual  94: 128 op, 573599399.00 ns, 4.4812 ms/op
WorkloadActual  95: 128 op, 570059022.00 ns, 4.4536 ms/op
WorkloadActual  96: 128 op, 569409956.00 ns, 4.4485 ms/op
WorkloadActual  97: 128 op, 569997095.00 ns, 4.4531 ms/op
WorkloadActual  98: 128 op, 579393828.00 ns, 4.5265 ms/op
WorkloadActual  99: 128 op, 570578695.00 ns, 4.4576 ms/op
WorkloadActual  100: 128 op, 569969616.00 ns, 4.4529 ms/op

// AfterActualRun
// BeforeExtraIteration
// AfterExtraIteration
WorkloadExtra    1: 128 op, 588979967.00 ns, 4.6014 ms/op
WorkloadResult   1: 128 op, 790647634.00 ns, 6.1769 ms/op
WorkloadResult   2: 128 op, 795358935.00 ns, 6.2137 ms/op
WorkloadResult   3: 128 op, 789302390.00 ns, 6.1664 ms/op
WorkloadResult   4: 128 op, 773480830.00 ns, 6.0428 ms/op
WorkloadResult   5: 128 op, 727154347.00 ns, 5.6809 ms/op
WorkloadResult   6: 128 op, 768340964.00 ns, 6.0027 ms/op
WorkloadResult   7: 128 op, 748624860.00 ns, 5.8486 ms/op
WorkloadResult   8: 128 op, 782169940.00 ns, 6.1107 ms/op
WorkloadResult   9: 128 op, 740696003.00 ns, 5.7867 ms/op
WorkloadResult  10: 128 op, 715030269.00 ns, 5.5862 ms/op
WorkloadResult  11: 128 op, 754629020.00 ns, 5.8955 ms/op
WorkloadResult  12: 128 op, 841094749.00 ns, 6.5711 ms/op
WorkloadResult  13: 128 op, 781319404.00 ns, 6.1041 ms/op
WorkloadResult  14: 128 op, 880690537.00 ns, 6.8804 ms/op
WorkloadResult  15: 128 op, 759559113.00 ns, 5.9341 ms/op
WorkloadResult  16: 128 op, 725550278.00 ns, 5.6684 ms/op
WorkloadResult  17: 128 op, 813420860.00 ns, 6.3549 ms/op
WorkloadResult  18: 128 op, 784712108.00 ns, 6.1306 ms/op
WorkloadResult  19: 128 op, 768430966.00 ns, 6.0034 ms/op
WorkloadResult  20: 128 op, 837005494.00 ns, 6.5391 ms/op
WorkloadResult  21: 128 op, 814307707.00 ns, 6.3618 ms/op
WorkloadResult  22: 128 op, 765066822.00 ns, 5.9771 ms/op
WorkloadResult  23: 128 op, 778994597.00 ns, 6.0859 ms/op
WorkloadResult  24: 128 op, 850703215.00 ns, 6.6461 ms/op
WorkloadResult  25: 128 op, 808790639.00 ns, 6.3187 ms/op
WorkloadResult  26: 128 op, 795505697.00 ns, 6.2149 ms/op
WorkloadResult  27: 128 op, 813511790.00 ns, 6.3556 ms/op
WorkloadResult  28: 128 op, 775518755.00 ns, 6.0587 ms/op
WorkloadResult  29: 128 op, 769608667.00 ns, 6.0126 ms/op
WorkloadResult  30: 128 op, 857896955.00 ns, 6.7023 ms/op
WorkloadResult  31: 128 op, 832976301.00 ns, 6.5076 ms/op
WorkloadResult  32: 128 op, 779506338.00 ns, 6.0899 ms/op
WorkloadResult  33: 128 op, 778097460.00 ns, 6.0789 ms/op
WorkloadResult  34: 128 op, 774482684.00 ns, 6.0506 ms/op
WorkloadResult  35: 128 op, 766157595.00 ns, 5.9856 ms/op
WorkloadResult  36: 128 op, 838887740.00 ns, 6.5538 ms/op
WorkloadResult  37: 128 op, 773201861.00 ns, 6.0406 ms/op
WorkloadResult  38: 128 op, 811301799.00 ns, 6.3383 ms/op
WorkloadResult  39: 128 op, 823117839.00 ns, 6.4306 ms/op
WorkloadResult  40: 128 op, 688772710.00 ns, 5.3810 ms/op
WorkloadResult  41: 128 op, 695173269.00 ns, 5.4310 ms/op
WorkloadResult  42: 128 op, 828036844.00 ns, 6.4690 ms/op
WorkloadResult  43: 128 op, 759269805.00 ns, 5.9318 ms/op
WorkloadResult  44: 128 op, 698526360.00 ns, 5.4572 ms/op
WorkloadResult  45: 128 op, 786829259.00 ns, 6.1471 ms/op
WorkloadResult  46: 128 op, 857750702.00 ns, 6.7012 ms/op
WorkloadResult  47: 128 op, 898444797.00 ns, 7.0191 ms/op
WorkloadResult  48: 128 op, 793763400.00 ns, 6.2013 ms/op
WorkloadResult  49: 128 op, 787107295.00 ns, 6.1493 ms/op
WorkloadResult  50: 128 op, 770607899.00 ns, 6.0204 ms/op
WorkloadResult  51: 128 op, 723245464.00 ns, 5.6504 ms/op
WorkloadResult  52: 128 op, 651151087.00 ns, 5.0871 ms/op
WorkloadResult  53: 128 op, 710745245.00 ns, 5.5527 ms/op
WorkloadResult  54: 128 op, 588840230.00 ns, 4.6003 ms/op
WorkloadResult  55: 128 op, 612292204.00 ns, 4.7835 ms/op
WorkloadResult  56: 128 op, 696265841.00 ns, 5.4396 ms/op
WorkloadResult  57: 128 op, 636800984.00 ns, 4.9750 ms/op
WorkloadResult  58: 128 op, 656950075.00 ns, 5.1324 ms/op
WorkloadResult  59: 128 op, 567094529.00 ns, 4.4304 ms/op
WorkloadResult  60: 128 op, 585497606.00 ns, 4.5742 ms/op
WorkloadResult  61: 128 op, 564825227.00 ns, 4.4127 ms/op
WorkloadResult  62: 128 op, 566872458.00 ns, 4.4287 ms/op
WorkloadResult  63: 128 op, 567913960.00 ns, 4.4368 ms/op
WorkloadResult  64: 128 op, 569386902.00 ns, 4.4483 ms/op
WorkloadResult  65: 128 op, 560142071.00 ns, 4.3761 ms/op
WorkloadResult  66: 128 op, 567326206.00 ns, 4.4322 ms/op
WorkloadResult  67: 128 op, 567113131.00 ns, 4.4306 ms/op
WorkloadResult  68: 128 op, 566640564.00 ns, 4.4269 ms/op
WorkloadResult  69: 128 op, 569262750.00 ns, 4.4474 ms/op
WorkloadResult  70: 128 op, 567581527.00 ns, 4.4342 ms/op
WorkloadResult  71: 128 op, 567246390.00 ns, 4.4316 ms/op
WorkloadResult  72: 128 op, 578318523.00 ns, 4.5181 ms/op
WorkloadResult  73: 128 op, 563244107.00 ns, 4.4003 ms/op
WorkloadResult  74: 128 op, 568460454.00 ns, 4.4411 ms/op
WorkloadResult  75: 128 op, 563193645.00 ns, 4.4000 ms/op
WorkloadResult  76: 128 op, 568318888.00 ns, 4.4400 ms/op
WorkloadResult  77: 128 op, 567642672.00 ns, 4.4347 ms/op
WorkloadResult  78: 128 op, 564312100.00 ns, 4.4087 ms/op
WorkloadResult  79: 128 op, 559404161.00 ns, 4.3703 ms/op
WorkloadResult  80: 128 op, 568356083.00 ns, 4.4403 ms/op
WorkloadResult  81: 128 op, 577603525.00 ns, 4.5125 ms/op
WorkloadResult  82: 128 op, 567609948.00 ns, 4.4345 ms/op
WorkloadResult  83: 128 op, 569107147.00 ns, 4.4461 ms/op
WorkloadResult  84: 128 op, 569507233.00 ns, 4.4493 ms/op
WorkloadResult  85: 128 op, 570010881.00 ns, 4.4532 ms/op
WorkloadResult  86: 128 op, 569031914.00 ns, 4.4456 ms/op
WorkloadResult  87: 128 op, 568082335.00 ns, 4.4381 ms/op
WorkloadResult  88: 128 op, 566867768.00 ns, 4.4287 ms/op
WorkloadResult  89: 128 op, 581309001.00 ns, 4.5415 ms/op
WorkloadResult  90: 128 op, 569859616.00 ns, 4.4520 ms/op
WorkloadResult  91: 128 op, 570215192.00 ns, 4.4548 ms/op
WorkloadResult  92: 128 op, 568792421.00 ns, 4.4437 ms/op
WorkloadResult  93: 128 op, 568853265.00 ns, 4.4442 ms/op
WorkloadResult  94: 128 op, 573599399.00 ns, 4.4812 ms/op
WorkloadResult  95: 128 op, 570059022.00 ns, 4.4536 ms/op
WorkloadResult  96: 128 op, 569409956.00 ns, 4.4485 ms/op
WorkloadResult  97: 128 op, 569997095.00 ns, 4.4531 ms/op
WorkloadResult  98: 128 op, 579393828.00 ns, 4.5265 ms/op
WorkloadResult  99: 128 op, 570578695.00 ns, 4.4576 ms/op
WorkloadResult  100: 128 op, 569969616.00 ns, 4.4529 ms/op
// GC:  1 0 0 5932512 128

// AfterAll
// Benchmark Process 369085 has exited with code 0.

Mean = 5.354 ms, StdErr = 0.086 ms (1.61%), N = 100, StdDev = 0.862 ms
Min = 4.370 ms, Q1 = 4.447 ms, Median = 5.448 ms, Q3 = 6.106 ms, Max = 7.019 ms
IQR = 1.659 ms, LowerFence = 1.959 ms, UpperFence = 8.594 ms
ConfidenceInterval = [5.062 ms; 5.646 ms] (CI 99.9%), Margin = 0.292 ms (5.46% of Mean)
Skewness = 0.12, Kurtosis = 1.36, MValue = 3.4

// ** Remained 5 (31.2%) benchmark(s) to run. Estimated finish 2026-07-30 14:58 (0h 16m from now) **
// **************************
// Benchmark: VectorQuantisationBenchmarks.'Lucene.NET flat scan': DefaultJob [Dimension=128, Quantisation=Int8]
// *** Execute ***
// Launch: 1 / 1
// Execute: dotnet Rowles.LeanCorpus.Benchmarks-DefaultJob-1.dll --ipcPort 39653 --benchmarkName "Rowles.LeanCorpus.Benchmarks.VectorQuantisationBenchmarks.LuceneNet_Baseline(Dimension: 128, Quantisation: Int8)" --job Default --diagnoserRunMode 3 --benchmarkId 11 in /home/jordan/leancorpus/working_directory/src/devops/Rowles.LeanCorpus.Benchmarks/bin/Release/net10.0/Rowles.LeanCorpus.Benchmarks-DefaultJob-1/bin/Release/net10.0
// Failed to set up high priority (Permission denied). In order to run benchmarks with high priority, make sure you have the right permissions.
// BeforeAnythingElse

// Benchmark Process Environment Information:
// BenchmarkDotNet v0.16.0-nightly.20260427.506
// Runtime=.NET 10.0.3 (10.0.3, 10.0.326.7603), X64 RyuJIT x86-64-v2
// GC=Concurrent Workstation
// HardwareIntrinsics=AVX,SSE3+SSSE3+SSE4.1+SSE4.2+POPCNT,X86Base+SSE+SSE2,AES+PCLMUL VectorSize=128
// Job: DefaultJob

Cancelling benchmark run... press ctrl+c again to force abort.
// * Artifacts cleanup *
Artifacts cleanup is finished
