// Validating benchmarks:
// ***** BenchmarkRunner: Start   *****
// ***** Found 2 benchmark(s) in total *****
// ***** Building 1 exe(s) in Parallel: Start   *****
// start dotnet  restore "/home/jordan/leancorpus/working_directory/src/devops/Rowles.LeanCorpus.Benchmarks/bin/Release/net10.0/Rowles.LeanCorpus.Benchmarks-DefaultJob-1/DllGatherer.csproj" --nodeReuse:false /p:UseSharedCompilation=false /p:Deterministic=true /p:Optimize=true /p:ArtifactsPath="/home/jordan/leancorpus/working_directory/src/devops/Rowles.LeanCorpus.Benchmarks/bin/Release/net10.0/Rowles.LeanCorpus.Benchmarks-DefaultJob-1/.artifacts/" /p:OutDir="/home/jordan/leancorpus/working_directory/src/devops/Rowles.LeanCorpus.Benchmarks/bin/Release/net10.0/Rowles.LeanCorpus.Benchmarks-DefaultJob-1/bin/Release/net10.0/" /p:OutputPath="/home/jordan/leancorpus/working_directory/src/devops/Rowles.LeanCorpus.Benchmarks/bin/Release/net10.0/Rowles.LeanCorpus.Benchmarks-DefaultJob-1/bin/Release/net10.0/" /p:PublishDir="/home/jordan/leancorpus/working_directory/src/devops/Rowles.LeanCorpus.Benchmarks/bin/Release/net10.0/Rowles.LeanCorpus.Benchmarks-DefaultJob-1/publish/" in /home/jordan/leancorpus/working_directory/src/devops/Rowles.LeanCorpus.Benchmarks/bin/Release/net10.0/Rowles.LeanCorpus.Benchmarks-DefaultJob-1
// command took 5.02 sec and exited with 0
// start dotnet  build "/home/jordan/leancorpus/working_directory/src/devops/Rowles.LeanCorpus.Benchmarks/bin/Release/net10.0/Rowles.LeanCorpus.Benchmarks-DefaultJob-1/DllGatherer.csproj" -f net10.0 -c Release --no-restore --nodeReuse:false /p:UseSharedCompilation=false /p:Deterministic=true /p:Optimize=true /p:ArtifactsPath="/home/jordan/leancorpus/working_directory/src/devops/Rowles.LeanCorpus.Benchmarks/bin/Release/net10.0/Rowles.LeanCorpus.Benchmarks-DefaultJob-1/.artifacts/" /p:OutDir="/home/jordan/leancorpus/working_directory/src/devops/Rowles.LeanCorpus.Benchmarks/bin/Release/net10.0/Rowles.LeanCorpus.Benchmarks-DefaultJob-1/bin/Release/net10.0/" /p:OutputPath="/home/jordan/leancorpus/working_directory/src/devops/Rowles.LeanCorpus.Benchmarks/bin/Release/net10.0/Rowles.LeanCorpus.Benchmarks-DefaultJob-1/bin/Release/net10.0/" /p:PublishDir="/home/jordan/leancorpus/working_directory/src/devops/Rowles.LeanCorpus.Benchmarks/bin/Release/net10.0/Rowles.LeanCorpus.Benchmarks-DefaultJob-1/publish/" --output "/home/jordan/leancorpus/working_directory/src/devops/Rowles.LeanCorpus.Benchmarks/bin/Release/net10.0/Rowles.LeanCorpus.Benchmarks-DefaultJob-1/bin/Release/net10.0/" in /home/jordan/leancorpus/working_directory/src/devops/Rowles.LeanCorpus.Benchmarks/bin/Release/net10.0/Rowles.LeanCorpus.Benchmarks-DefaultJob-1
// command took 44.99 sec and exited with 0
// start dotnet  restore "/home/jordan/leancorpus/working_directory/src/devops/Rowles.LeanCorpus.Benchmarks/bin/Release/net10.0/Rowles.LeanCorpus.Benchmarks-DefaultJob-1/BenchmarkDotNet.Autogenerated.csproj" --nodeReuse:false /p:UseSharedCompilation=false /p:Deterministic=true /p:Optimize=true /p:ArtifactsPath="/home/jordan/leancorpus/working_directory/src/devops/Rowles.LeanCorpus.Benchmarks/bin/Release/net10.0/Rowles.LeanCorpus.Benchmarks-DefaultJob-1/.artifacts/" /p:OutDir="/home/jordan/leancorpus/working_directory/src/devops/Rowles.LeanCorpus.Benchmarks/bin/Release/net10.0/Rowles.LeanCorpus.Benchmarks-DefaultJob-1/bin/Release/net10.0/" /p:OutputPath="/home/jordan/leancorpus/working_directory/src/devops/Rowles.LeanCorpus.Benchmarks/bin/Release/net10.0/Rowles.LeanCorpus.Benchmarks-DefaultJob-1/bin/Release/net10.0/" /p:PublishDir="/home/jordan/leancorpus/working_directory/src/devops/Rowles.LeanCorpus.Benchmarks/bin/Release/net10.0/Rowles.LeanCorpus.Benchmarks-DefaultJob-1/publish/" in /home/jordan/leancorpus/working_directory/src/devops/Rowles.LeanCorpus.Benchmarks/bin/Release/net10.0/Rowles.LeanCorpus.Benchmarks-DefaultJob-1
// command took 4.92 sec and exited with 0
// start dotnet  build "/home/jordan/leancorpus/working_directory/src/devops/Rowles.LeanCorpus.Benchmarks/bin/Release/net10.0/Rowles.LeanCorpus.Benchmarks-DefaultJob-1/BenchmarkDotNet.Autogenerated.csproj" -f net10.0 -c Release --no-restore --nodeReuse:false /p:UseSharedCompilation=false /p:Deterministic=true /p:Optimize=true /p:ArtifactsPath="/home/jordan/leancorpus/working_directory/src/devops/Rowles.LeanCorpus.Benchmarks/bin/Release/net10.0/Rowles.LeanCorpus.Benchmarks-DefaultJob-1/.artifacts/" /p:OutDir="/home/jordan/leancorpus/working_directory/src/devops/Rowles.LeanCorpus.Benchmarks/bin/Release/net10.0/Rowles.LeanCorpus.Benchmarks-DefaultJob-1/bin/Release/net10.0/" /p:OutputPath="/home/jordan/leancorpus/working_directory/src/devops/Rowles.LeanCorpus.Benchmarks/bin/Release/net10.0/Rowles.LeanCorpus.Benchmarks-DefaultJob-1/bin/Release/net10.0/" /p:PublishDir="/home/jordan/leancorpus/working_directory/src/devops/Rowles.LeanCorpus.Benchmarks/bin/Release/net10.0/Rowles.LeanCorpus.Benchmarks-DefaultJob-1/publish/" --output "/home/jordan/leancorpus/working_directory/src/devops/Rowles.LeanCorpus.Benchmarks/bin/Release/net10.0/Rowles.LeanCorpus.Benchmarks-DefaultJob-1/bin/Release/net10.0/" in /home/jordan/leancorpus/working_directory/src/devops/Rowles.LeanCorpus.Benchmarks/bin/Release/net10.0/Rowles.LeanCorpus.Benchmarks-DefaultJob-1
// command took 17.27 sec and exited with 0
// ***** Done, took 00:01:12 (72.55 sec)   *****
// Found 2 benchmarks:
//   VectorQuantisationBenchmarks.'HNSW search': DefaultJob [Dimension=64, Quantisation=ProductQuantisation]
//   VectorQuantisationBenchmarks.'HNSW search': DefaultJob [Dimension=128, Quantisation=ProductQuantisation]

// **************************
// Benchmark: VectorQuantisationBenchmarks.'HNSW search': DefaultJob [Dimension=64, Quantisation=ProductQuantisation]
// *** Execute ***
// Launch: 1 / 1
// Execute: dotnet Rowles.LeanCorpus.Benchmarks-DefaultJob-1.dll --ipcPort 46483 --benchmarkName "Rowles.LeanCorpus.Benchmarks.VectorQuantisationBenchmarks.Search(Dimension: 64, Quantisation: ProductQuantisation)" --job Default --diagnoserRunMode 3 --benchmarkId 0 in /home/jordan/leancorpus/working_directory/src/devops/Rowles.LeanCorpus.Benchmarks/bin/Release/net10.0/Rowles.LeanCorpus.Benchmarks-DefaultJob-1/bin/Release/net10.0
// Failed to set up high priority (Permission denied). In order to run benchmarks with high priority, make sure you have the right permissions.
// BeforeAnythingElse

// Benchmark Process Environment Information:
// BenchmarkDotNet v0.16.0-nightly.20260427.506
// Runtime=.NET 10.0.3 (10.0.3, 10.0.326.7603), X64 RyuJIT x86-64-v2
// GC=Concurrent Workstation
// HardwareIntrinsics=AVX,SSE3+SSSE3+SSE4.1+SSE4.2+POPCNT,X86Base+SSE+SSE2,AES+PCLMUL VectorSize=128
// Job: DefaultJob

WorkloadJitting  1: 1 op, 5967410.00 ns, 5.9674 ms/op
WorkloadJitting  2: 30 op, 150061916.00 ns, 5.0021 ms/op
WorkloadJitting  3: 30 op, 135948003.00 ns, 4.5316 ms/op
WorkloadJitting  4: 30 op, 133872181.00 ns, 4.4624 ms/op
WorkloadJitting  5: 1 op, 5971103.00 ns, 5.9711 ms/op

WorkloadPilot    1: 1 op, 6219770.00 ns, 6.2198 ms/op

WorkloadPilot    1: 16 op, 76388551.00 ns, 4.7743 ms/op
WorkloadPilot    2: 32 op, 146998819.00 ns, 4.5937 ms/op
WorkloadPilot    3: 64 op, 287625353.00 ns, 4.4941 ms/op
WorkloadPilot    4: 128 op, 562536009.00 ns, 4.3948 ms/op

WorkloadWarmup   1: 128 op, 573223001.00 ns, 4.4783 ms/op
WorkloadWarmup   2: 128 op, 554454780.00 ns, 4.3317 ms/op
WorkloadWarmup   3: 128 op, 552988209.00 ns, 4.3202 ms/op
WorkloadWarmup   4: 128 op, 555884393.00 ns, 4.3428 ms/op
WorkloadWarmup   5: 128 op, 553270816.00 ns, 4.3224 ms/op
WorkloadWarmup   6: 128 op, 559321780.00 ns, 4.3697 ms/op
WorkloadWarmup   7: 128 op, 565366834.00 ns, 4.4169 ms/op
WorkloadWarmup   8: 128 op, 559921516.00 ns, 4.3744 ms/op

// BeforeActualRun
WorkloadActual   1: 128 op, 629569347.00 ns, 4.9185 ms/op
WorkloadActual   2: 128 op, 562906410.00 ns, 4.3977 ms/op
WorkloadActual   3: 128 op, 556967445.00 ns, 4.3513 ms/op
WorkloadActual   4: 128 op, 552372726.00 ns, 4.3154 ms/op
WorkloadActual   5: 128 op, 548454370.00 ns, 4.2848 ms/op
WorkloadActual   6: 128 op, 554839687.00 ns, 4.3347 ms/op
WorkloadActual   7: 128 op, 553966056.00 ns, 4.3279 ms/op
WorkloadActual   8: 128 op, 552810935.00 ns, 4.3188 ms/op
WorkloadActual   9: 128 op, 556002682.00 ns, 4.3438 ms/op
WorkloadActual  10: 128 op, 565513307.00 ns, 4.4181 ms/op
WorkloadActual  11: 128 op, 555363551.00 ns, 4.3388 ms/op
WorkloadActual  12: 128 op, 554008899.00 ns, 4.3282 ms/op
WorkloadActual  13: 128 op, 551851765.00 ns, 4.3113 ms/op
WorkloadActual  14: 128 op, 562798537.00 ns, 4.3969 ms/op
WorkloadActual  15: 128 op, 550701872.00 ns, 4.3024 ms/op

// AfterActualRun
// BeforeExtraIteration
// AfterExtraIteration
WorkloadExtra    1: 128 op, 560488046.00 ns, 4.3788 ms/op
WorkloadResult   1: 128 op, 562906410.00 ns, 4.3977 ms/op
WorkloadResult   2: 128 op, 556967445.00 ns, 4.3513 ms/op
WorkloadResult   3: 128 op, 552372726.00 ns, 4.3154 ms/op
WorkloadResult   4: 128 op, 548454370.00 ns, 4.2848 ms/op
WorkloadResult   5: 128 op, 554839687.00 ns, 4.3347 ms/op
WorkloadResult   6: 128 op, 553966056.00 ns, 4.3279 ms/op
WorkloadResult   7: 128 op, 552810935.00 ns, 4.3188 ms/op
WorkloadResult   8: 128 op, 556002682.00 ns, 4.3438 ms/op
WorkloadResult   9: 128 op, 565513307.00 ns, 4.4181 ms/op
WorkloadResult  10: 128 op, 555363551.00 ns, 4.3388 ms/op
WorkloadResult  11: 128 op, 554008899.00 ns, 4.3282 ms/op
WorkloadResult  12: 128 op, 551851765.00 ns, 4.3113 ms/op
WorkloadResult  13: 128 op, 562798537.00 ns, 4.3969 ms/op
WorkloadResult  14: 128 op, 550701872.00 ns, 4.3024 ms/op
// GC:  1 0 0 5664224 128

// AfterAll
// Benchmark Process 399582 has exited with code 0.

Mean = 4.341 ms, StdErr = 0.010 ms (0.24%), N = 14, StdDev = 0.039 ms
Min = 4.285 ms, Q1 = 4.316 ms, Median = 4.331 ms, Q3 = 4.349 ms, Max = 4.418 ms
IQR = 0.033 ms, LowerFence = 4.267 ms, UpperFence = 4.399 ms
ConfidenceInterval = [4.297 ms; 4.384 ms] (CI 99.9%), Margin = 0.044 ms (1.01% of Mean)
Skewness = 0.67, Kurtosis = 2.22, MValue = 2

// ** Remained 1 (50.0 %) benchmark(s) to run. Estimated finish 2026-07-30 18:09 (0h 5m from now) **
// **************************
// Benchmark: VectorQuantisationBenchmarks.'HNSW search': DefaultJob [Dimension=128, Quantisation=ProductQuantisation]
// *** Execute ***
// Launch: 1 / 1
// Execute: dotnet Rowles.LeanCorpus.Benchmarks-DefaultJob-1.dll --ipcPort 45315 --benchmarkName "Rowles.LeanCorpus.Benchmarks.VectorQuantisationBenchmarks.Search(Dimension: 128, Quantisation: ProductQuantisation)" --job Default --diagnoserRunMode 3 --benchmarkId 1 in /home/jordan/leancorpus/working_directory/src/devops/Rowles.LeanCorpus.Benchmarks/bin/Release/net10.0/Rowles.LeanCorpus.Benchmarks-DefaultJob-1/bin/Release/net10.0
// Failed to set up high priority (Permission denied). In order to run benchmarks with high priority, make sure you have the right permissions.
// BeforeAnythingElse

// Benchmark Process Environment Information:
// BenchmarkDotNet v0.16.0-nightly.20260427.506
// Runtime=.NET 10.0.3 (10.0.3, 10.0.326.7603), X64 RyuJIT x86-64-v2
// GC=Concurrent Workstation
// HardwareIntrinsics=AVX,SSE3+SSSE3+SSE4.1+SSE4.2+POPCNT,X86Base+SSE+SSE2,AES+PCLMUL VectorSize=128
// Job: DefaultJob

Cancelling benchmark run... press ctrl+c again to force abort.
// * Artifacts cleanup *
Artifacts cleanup is finished
