// Validating benchmarks:
// ***** BenchmarkRunner: Start   *****
// ***** Found 2 benchmark(s) in total *****
// ***** Building 1 exe(s) in Parallel: Start   *****
// start dotnet  restore "/home/jordan/leancorpus/working_directory/src/devops/Rowles.LeanCorpus.Benchmarks/bin/Release/net10.0/Rowles.LeanCorpus.Benchmarks-DefaultJob-1/DllGatherer.csproj" --nodeReuse:false /p:UseSharedCompilation=false /p:Deterministic=true /p:Optimize=true /p:ArtifactsPath="/home/jordan/leancorpus/working_directory/src/devops/Rowles.LeanCorpus.Benchmarks/bin/Release/net10.0/Rowles.LeanCorpus.Benchmarks-DefaultJob-1/.artifacts/" /p:OutDir="/home/jordan/leancorpus/working_directory/src/devops/Rowles.LeanCorpus.Benchmarks/bin/Release/net10.0/Rowles.LeanCorpus.Benchmarks-DefaultJob-1/bin/Release/net10.0/" /p:OutputPath="/home/jordan/leancorpus/working_directory/src/devops/Rowles.LeanCorpus.Benchmarks/bin/Release/net10.0/Rowles.LeanCorpus.Benchmarks-DefaultJob-1/bin/Release/net10.0/" /p:PublishDir="/home/jordan/leancorpus/working_directory/src/devops/Rowles.LeanCorpus.Benchmarks/bin/Release/net10.0/Rowles.LeanCorpus.Benchmarks-DefaultJob-1/publish/" in /home/jordan/leancorpus/working_directory/src/devops/Rowles.LeanCorpus.Benchmarks/bin/Release/net10.0/Rowles.LeanCorpus.Benchmarks-DefaultJob-1
// command took 6.83 sec and exited with 0
// start dotnet  build "/home/jordan/leancorpus/working_directory/src/devops/Rowles.LeanCorpus.Benchmarks/bin/Release/net10.0/Rowles.LeanCorpus.Benchmarks-DefaultJob-1/DllGatherer.csproj" -f net10.0 -c Release --no-restore --nodeReuse:false /p:UseSharedCompilation=false /p:Deterministic=true /p:Optimize=true /p:ArtifactsPath="/home/jordan/leancorpus/working_directory/src/devops/Rowles.LeanCorpus.Benchmarks/bin/Release/net10.0/Rowles.LeanCorpus.Benchmarks-DefaultJob-1/.artifacts/" /p:OutDir="/home/jordan/leancorpus/working_directory/src/devops/Rowles.LeanCorpus.Benchmarks/bin/Release/net10.0/Rowles.LeanCorpus.Benchmarks-DefaultJob-1/bin/Release/net10.0/" /p:OutputPath="/home/jordan/leancorpus/working_directory/src/devops/Rowles.LeanCorpus.Benchmarks/bin/Release/net10.0/Rowles.LeanCorpus.Benchmarks-DefaultJob-1/bin/Release/net10.0/" /p:PublishDir="/home/jordan/leancorpus/working_directory/src/devops/Rowles.LeanCorpus.Benchmarks/bin/Release/net10.0/Rowles.LeanCorpus.Benchmarks-DefaultJob-1/publish/" --output "/home/jordan/leancorpus/working_directory/src/devops/Rowles.LeanCorpus.Benchmarks/bin/Release/net10.0/Rowles.LeanCorpus.Benchmarks-DefaultJob-1/bin/Release/net10.0/" in /home/jordan/leancorpus/working_directory/src/devops/Rowles.LeanCorpus.Benchmarks/bin/Release/net10.0/Rowles.LeanCorpus.Benchmarks-DefaultJob-1
// command took 44.77 sec and exited with 0
// start dotnet  restore "/home/jordan/leancorpus/working_directory/src/devops/Rowles.LeanCorpus.Benchmarks/bin/Release/net10.0/Rowles.LeanCorpus.Benchmarks-DefaultJob-1/BenchmarkDotNet.Autogenerated.csproj" --nodeReuse:false /p:UseSharedCompilation=false /p:Deterministic=true /p:Optimize=true /p:ArtifactsPath="/home/jordan/leancorpus/working_directory/src/devops/Rowles.LeanCorpus.Benchmarks/bin/Release/net10.0/Rowles.LeanCorpus.Benchmarks-DefaultJob-1/.artifacts/" /p:OutDir="/home/jordan/leancorpus/working_directory/src/devops/Rowles.LeanCorpus.Benchmarks/bin/Release/net10.0/Rowles.LeanCorpus.Benchmarks-DefaultJob-1/bin/Release/net10.0/" /p:OutputPath="/home/jordan/leancorpus/working_directory/src/devops/Rowles.LeanCorpus.Benchmarks/bin/Release/net10.0/Rowles.LeanCorpus.Benchmarks-DefaultJob-1/bin/Release/net10.0/" /p:PublishDir="/home/jordan/leancorpus/working_directory/src/devops/Rowles.LeanCorpus.Benchmarks/bin/Release/net10.0/Rowles.LeanCorpus.Benchmarks-DefaultJob-1/publish/" in /home/jordan/leancorpus/working_directory/src/devops/Rowles.LeanCorpus.Benchmarks/bin/Release/net10.0/Rowles.LeanCorpus.Benchmarks-DefaultJob-1
// command took 5.09 sec and exited with 0
// start dotnet  build "/home/jordan/leancorpus/working_directory/src/devops/Rowles.LeanCorpus.Benchmarks/bin/Release/net10.0/Rowles.LeanCorpus.Benchmarks-DefaultJob-1/BenchmarkDotNet.Autogenerated.csproj" -f net10.0 -c Release --no-restore --nodeReuse:false /p:UseSharedCompilation=false /p:Deterministic=true /p:Optimize=true /p:ArtifactsPath="/home/jordan/leancorpus/working_directory/src/devops/Rowles.LeanCorpus.Benchmarks/bin/Release/net10.0/Rowles.LeanCorpus.Benchmarks-DefaultJob-1/.artifacts/" /p:OutDir="/home/jordan/leancorpus/working_directory/src/devops/Rowles.LeanCorpus.Benchmarks/bin/Release/net10.0/Rowles.LeanCorpus.Benchmarks-DefaultJob-1/bin/Release/net10.0/" /p:OutputPath="/home/jordan/leancorpus/working_directory/src/devops/Rowles.LeanCorpus.Benchmarks/bin/Release/net10.0/Rowles.LeanCorpus.Benchmarks-DefaultJob-1/bin/Release/net10.0/" /p:PublishDir="/home/jordan/leancorpus/working_directory/src/devops/Rowles.LeanCorpus.Benchmarks/bin/Release/net10.0/Rowles.LeanCorpus.Benchmarks-DefaultJob-1/publish/" --output "/home/jordan/leancorpus/working_directory/src/devops/Rowles.LeanCorpus.Benchmarks/bin/Release/net10.0/Rowles.LeanCorpus.Benchmarks-DefaultJob-1/bin/Release/net10.0/" in /home/jordan/leancorpus/working_directory/src/devops/Rowles.LeanCorpus.Benchmarks/bin/Release/net10.0/Rowles.LeanCorpus.Benchmarks-DefaultJob-1
// command took 17.48 sec and exited with 0
// ***** Done, took 00:01:14 (74.58 sec)   *****
// Found 2 benchmarks:
//   VectorQuantisationBenchmarks.'HNSW search': DefaultJob [Dimension=64, Quantisation=ProductQuantisation]
//   VectorQuantisationBenchmarks.'HNSW search': DefaultJob [Dimension=128, Quantisation=ProductQuantisation]

// **************************
// Benchmark: VectorQuantisationBenchmarks.'HNSW search': DefaultJob [Dimension=64, Quantisation=ProductQuantisation]
// *** Execute ***
// Launch: 1 / 1
// Execute: dotnet Rowles.LeanCorpus.Benchmarks-DefaultJob-1.dll --ipcPort 37167 --benchmarkName "Rowles.LeanCorpus.Benchmarks.VectorQuantisationBenchmarks.Search(Dimension: 64, Quantisation: ProductQuantisation)" --job Default --diagnoserRunMode 3 --benchmarkId 0 in /home/jordan/leancorpus/working_directory/src/devops/Rowles.LeanCorpus.Benchmarks/bin/Release/net10.0/Rowles.LeanCorpus.Benchmarks-DefaultJob-1/bin/Release/net10.0
// Failed to set up high priority (Permission denied). In order to run benchmarks with high priority, make sure you have the right permissions.
// BeforeAnythingElse

// Benchmark Process Environment Information:
// BenchmarkDotNet v0.16.0-nightly.20260427.506
// Runtime=.NET 10.0.3 (10.0.3, 10.0.326.7603), X64 RyuJIT x86-64-v2
// GC=Concurrent Workstation
// HardwareIntrinsics=AVX,SSE3+SSSE3+SSE4.1+SSE4.2+POPCNT,X86Base+SSE+SSE2,AES+PCLMUL VectorSize=128
// Job: DefaultJob

WorkloadJitting  1: 1 op, 5480649.00 ns, 5.4806 ms/op
WorkloadJitting  2: 30 op, 140181154.00 ns, 4.6727 ms/op
WorkloadJitting  3: 30 op, 130887570.00 ns, 4.3629 ms/op
WorkloadJitting  4: 30 op, 131602350.00 ns, 4.3867 ms/op
WorkloadJitting  5: 1 op, 5591073.00 ns, 5.5911 ms/op

WorkloadPilot    1: 1 op, 5992757.00 ns, 5.9928 ms/op

WorkloadPilot    1: 16 op, 72619652.00 ns, 4.5387 ms/op
WorkloadPilot    2: 32 op, 137758936.00 ns, 4.3050 ms/op
WorkloadPilot    3: 64 op, 266911887.00 ns, 4.1705 ms/op
WorkloadPilot    4: 128 op, 523303291.00 ns, 4.0883 ms/op

WorkloadWarmup   1: 128 op, 532968246.00 ns, 4.1638 ms/op
WorkloadWarmup   2: 128 op, 515273496.00 ns, 4.0256 ms/op
WorkloadWarmup   3: 128 op, 520542521.00 ns, 4.0667 ms/op
WorkloadWarmup   4: 128 op, 523678622.00 ns, 4.0912 ms/op
WorkloadWarmup   5: 128 op, 515959261.00 ns, 4.0309 ms/op
WorkloadWarmup   6: 128 op, 521620791.00 ns, 4.0752 ms/op
WorkloadWarmup   7: 128 op, 535539505.00 ns, 4.1839 ms/op
WorkloadWarmup   8: 128 op, 522989048.00 ns, 4.0859 ms/op

// BeforeActualRun
WorkloadActual   1: 128 op, 521107626.00 ns, 4.0712 ms/op
WorkloadActual   2: 128 op, 524509176.00 ns, 4.0977 ms/op
WorkloadActual   3: 128 op, 516831551.00 ns, 4.0377 ms/op
WorkloadActual   4: 128 op, 518953777.00 ns, 4.0543 ms/op
WorkloadActual   5: 128 op, 518230240.00 ns, 4.0487 ms/op
WorkloadActual   6: 128 op, 518634776.00 ns, 4.0518 ms/op
WorkloadActual   7: 128 op, 521864414.00 ns, 4.0771 ms/op
WorkloadActual   8: 128 op, 518614441.00 ns, 4.0517 ms/op
WorkloadActual   9: 128 op, 519210277.00 ns, 4.0563 ms/op
WorkloadActual  10: 128 op, 524887037.00 ns, 4.1007 ms/op
WorkloadActual  11: 128 op, 529360506.00 ns, 4.1356 ms/op
WorkloadActual  12: 128 op, 522790934.00 ns, 4.0843 ms/op
WorkloadActual  13: 128 op, 519852026.00 ns, 4.0613 ms/op
WorkloadActual  14: 128 op, 525692027.00 ns, 4.1070 ms/op
WorkloadActual  15: 128 op, 524644716.00 ns, 4.0988 ms/op

// AfterActualRun
// BeforeExtraIteration
// AfterExtraIteration
WorkloadExtra    1: 128 op, 526807634.00 ns, 4.1157 ms/op
WorkloadResult   1: 128 op, 521107626.00 ns, 4.0712 ms/op
WorkloadResult   2: 128 op, 524509176.00 ns, 4.0977 ms/op
WorkloadResult   3: 128 op, 516831551.00 ns, 4.0377 ms/op
WorkloadResult   4: 128 op, 518953777.00 ns, 4.0543 ms/op
WorkloadResult   5: 128 op, 518230240.00 ns, 4.0487 ms/op
WorkloadResult   6: 128 op, 518634776.00 ns, 4.0518 ms/op
WorkloadResult   7: 128 op, 521864414.00 ns, 4.0771 ms/op
WorkloadResult   8: 128 op, 518614441.00 ns, 4.0517 ms/op
WorkloadResult   9: 128 op, 519210277.00 ns, 4.0563 ms/op
WorkloadResult  10: 128 op, 524887037.00 ns, 4.1007 ms/op
WorkloadResult  11: 128 op, 529360506.00 ns, 4.1356 ms/op
WorkloadResult  12: 128 op, 522790934.00 ns, 4.0843 ms/op
WorkloadResult  13: 128 op, 519852026.00 ns, 4.0613 ms/op
WorkloadResult  14: 128 op, 525692027.00 ns, 4.1070 ms/op
WorkloadResult  15: 128 op, 524644716.00 ns, 4.0988 ms/op
// GC:  21 4 0 89217184 128

// AfterAll
// Benchmark Process 397010 has exited with code 0.

Mean = 4.076 ms, StdErr = 0.007 ms (0.17%), N = 15, StdDev = 0.028 ms
Min = 4.038 ms, Q1 = 4.053 ms, Median = 4.071 ms, Q3 = 4.098 ms, Max = 4.136 ms
IQR = 0.045 ms, LowerFence = 3.985 ms, UpperFence = 4.166 ms
ConfidenceInterval = [4.046 ms; 4.105 ms] (CI 99.9%), Margin = 0.030 ms (0.72% of Mean)
Skewness = 0.53, Kurtosis = 2.12, MValue = 2

// ** Remained 1 (50.0 %) benchmark(s) to run. Estimated finish 2026-07-30 18:00 (0h 5m from now) **
// **************************
// Benchmark: VectorQuantisationBenchmarks.'HNSW search': DefaultJob [Dimension=128, Quantisation=ProductQuantisation]
// *** Execute ***
// Launch: 1 / 1
// Execute: dotnet Rowles.LeanCorpus.Benchmarks-DefaultJob-1.dll --ipcPort 40143 --benchmarkName "Rowles.LeanCorpus.Benchmarks.VectorQuantisationBenchmarks.Search(Dimension: 128, Quantisation: ProductQuantisation)" --job Default --diagnoserRunMode 3 --benchmarkId 1 in /home/jordan/leancorpus/working_directory/src/devops/Rowles.LeanCorpus.Benchmarks/bin/Release/net10.0/Rowles.LeanCorpus.Benchmarks-DefaultJob-1/bin/Release/net10.0
// Failed to set up high priority (Permission denied). In order to run benchmarks with high priority, make sure you have the right permissions.
// BeforeAnythingElse

// Benchmark Process Environment Information:
// BenchmarkDotNet v0.16.0-nightly.20260427.506
// Runtime=.NET 10.0.3 (10.0.3, 10.0.326.7603), X64 RyuJIT x86-64-v2
// GC=Concurrent Workstation
// HardwareIntrinsics=AVX,SSE3+SSSE3+SSE4.1+SSE4.2+POPCNT,X86Base+SSE+SSE2,AES+PCLMUL VectorSize=128
// Job: DefaultJob

Cancelling benchmark run... press ctrl+c again to force abort.
// * Artifacts cleanup *
Artifacts cleanup is finished
