// Validating benchmarks:
// ***** BenchmarkRunner: Start   *****
// ***** Found 2 benchmark(s) in total *****
// ***** Building 1 exe(s) in Parallel: Start   *****
// start dotnet  restore "/home/jordan/leancorpus/working_directory/src/devops/Rowles.LeanCorpus.Benchmarks/bin/Release/net10.0/Rowles.LeanCorpus.Benchmarks-ShortRun-1/DllGatherer.csproj" --nodeReuse:false /p:UseSharedCompilation=false /p:Deterministic=true /p:Optimize=true /p:ArtifactsPath="/home/jordan/leancorpus/working_directory/src/devops/Rowles.LeanCorpus.Benchmarks/bin/Release/net10.0/Rowles.LeanCorpus.Benchmarks-ShortRun-1/.artifacts/" /p:OutDir="/home/jordan/leancorpus/working_directory/src/devops/Rowles.LeanCorpus.Benchmarks/bin/Release/net10.0/Rowles.LeanCorpus.Benchmarks-ShortRun-1/bin/Release/net10.0/" /p:OutputPath="/home/jordan/leancorpus/working_directory/src/devops/Rowles.LeanCorpus.Benchmarks/bin/Release/net10.0/Rowles.LeanCorpus.Benchmarks-ShortRun-1/bin/Release/net10.0/" /p:PublishDir="/home/jordan/leancorpus/working_directory/src/devops/Rowles.LeanCorpus.Benchmarks/bin/Release/net10.0/Rowles.LeanCorpus.Benchmarks-ShortRun-1/publish/" in /home/jordan/leancorpus/working_directory/src/devops/Rowles.LeanCorpus.Benchmarks/bin/Release/net10.0/Rowles.LeanCorpus.Benchmarks-ShortRun-1
// command took 5.27 sec and exited with 0
// start dotnet  build "/home/jordan/leancorpus/working_directory/src/devops/Rowles.LeanCorpus.Benchmarks/bin/Release/net10.0/Rowles.LeanCorpus.Benchmarks-ShortRun-1/DllGatherer.csproj" -f net10.0 -c Release --no-restore --nodeReuse:false /p:UseSharedCompilation=false /p:Deterministic=true /p:Optimize=true /p:ArtifactsPath="/home/jordan/leancorpus/working_directory/src/devops/Rowles.LeanCorpus.Benchmarks/bin/Release/net10.0/Rowles.LeanCorpus.Benchmarks-ShortRun-1/.artifacts/" /p:OutDir="/home/jordan/leancorpus/working_directory/src/devops/Rowles.LeanCorpus.Benchmarks/bin/Release/net10.0/Rowles.LeanCorpus.Benchmarks-ShortRun-1/bin/Release/net10.0/" /p:OutputPath="/home/jordan/leancorpus/working_directory/src/devops/Rowles.LeanCorpus.Benchmarks/bin/Release/net10.0/Rowles.LeanCorpus.Benchmarks-ShortRun-1/bin/Release/net10.0/" /p:PublishDir="/home/jordan/leancorpus/working_directory/src/devops/Rowles.LeanCorpus.Benchmarks/bin/Release/net10.0/Rowles.LeanCorpus.Benchmarks-ShortRun-1/publish/" --output "/home/jordan/leancorpus/working_directory/src/devops/Rowles.LeanCorpus.Benchmarks/bin/Release/net10.0/Rowles.LeanCorpus.Benchmarks-ShortRun-1/bin/Release/net10.0/" in /home/jordan/leancorpus/working_directory/src/devops/Rowles.LeanCorpus.Benchmarks/bin/Release/net10.0/Rowles.LeanCorpus.Benchmarks-ShortRun-1
// command took 45.51 sec and exited with 0
// start dotnet  restore "/home/jordan/leancorpus/working_directory/src/devops/Rowles.LeanCorpus.Benchmarks/bin/Release/net10.0/Rowles.LeanCorpus.Benchmarks-ShortRun-1/BenchmarkDotNet.Autogenerated.csproj" --nodeReuse:false /p:UseSharedCompilation=false /p:Deterministic=true /p:Optimize=true /p:ArtifactsPath="/home/jordan/leancorpus/working_directory/src/devops/Rowles.LeanCorpus.Benchmarks/bin/Release/net10.0/Rowles.LeanCorpus.Benchmarks-ShortRun-1/.artifacts/" /p:OutDir="/home/jordan/leancorpus/working_directory/src/devops/Rowles.LeanCorpus.Benchmarks/bin/Release/net10.0/Rowles.LeanCorpus.Benchmarks-ShortRun-1/bin/Release/net10.0/" /p:OutputPath="/home/jordan/leancorpus/working_directory/src/devops/Rowles.LeanCorpus.Benchmarks/bin/Release/net10.0/Rowles.LeanCorpus.Benchmarks-ShortRun-1/bin/Release/net10.0/" /p:PublishDir="/home/jordan/leancorpus/working_directory/src/devops/Rowles.LeanCorpus.Benchmarks/bin/Release/net10.0/Rowles.LeanCorpus.Benchmarks-ShortRun-1/publish/" in /home/jordan/leancorpus/working_directory/src/devops/Rowles.LeanCorpus.Benchmarks/bin/Release/net10.0/Rowles.LeanCorpus.Benchmarks-ShortRun-1
// command took 5.1 sec and exited with 0
// start dotnet  build "/home/jordan/leancorpus/working_directory/src/devops/Rowles.LeanCorpus.Benchmarks/bin/Release/net10.0/Rowles.LeanCorpus.Benchmarks-ShortRun-1/BenchmarkDotNet.Autogenerated.csproj" -f net10.0 -c Release --no-restore --nodeReuse:false /p:UseSharedCompilation=false /p:Deterministic=true /p:Optimize=true /p:ArtifactsPath="/home/jordan/leancorpus/working_directory/src/devops/Rowles.LeanCorpus.Benchmarks/bin/Release/net10.0/Rowles.LeanCorpus.Benchmarks-ShortRun-1/.artifacts/" /p:OutDir="/home/jordan/leancorpus/working_directory/src/devops/Rowles.LeanCorpus.Benchmarks/bin/Release/net10.0/Rowles.LeanCorpus.Benchmarks-ShortRun-1/bin/Release/net10.0/" /p:OutputPath="/home/jordan/leancorpus/working_directory/src/devops/Rowles.LeanCorpus.Benchmarks/bin/Release/net10.0/Rowles.LeanCorpus.Benchmarks-ShortRun-1/bin/Release/net10.0/" /p:PublishDir="/home/jordan/leancorpus/working_directory/src/devops/Rowles.LeanCorpus.Benchmarks/bin/Release/net10.0/Rowles.LeanCorpus.Benchmarks-ShortRun-1/publish/" --output "/home/jordan/leancorpus/working_directory/src/devops/Rowles.LeanCorpus.Benchmarks/bin/Release/net10.0/Rowles.LeanCorpus.Benchmarks-ShortRun-1/bin/Release/net10.0/" in /home/jordan/leancorpus/working_directory/src/devops/Rowles.LeanCorpus.Benchmarks/bin/Release/net10.0/Rowles.LeanCorpus.Benchmarks-ShortRun-1
// command took 17.56 sec and exited with 0
// ***** Done, took 00:01:13 (73.84 sec)   *****
// Found 2 benchmarks:
//   VectorQuantisationBenchmarks.'HNSW search': ShortRun(IterationCount=3, LaunchCount=1, WarmupCount=3) [Dimension=64, Quantisation=ProductQuantisation]
//   VectorQuantisationBenchmarks.'HNSW search': ShortRun(IterationCount=3, LaunchCount=1, WarmupCount=3) [Dimension=128, Quantisation=ProductQuantisation]

// **************************
// Benchmark: VectorQuantisationBenchmarks.'HNSW search': ShortRun(IterationCount=3, LaunchCount=1, WarmupCount=3) [Dimension=64, Quantisation=ProductQuantisation]
// *** Execute ***
// Launch: 1 / 1
// Execute: dotnet Rowles.LeanCorpus.Benchmarks-ShortRun-1.dll --ipcPort 37609 --benchmarkName "Rowles.LeanCorpus.Benchmarks.VectorQuantisationBenchmarks.Search(Dimension: 64, Quantisation: ProductQuantisation)" --job ShortRun --diagnoserRunMode 3 --benchmarkId 0 in /home/jordan/leancorpus/working_directory/src/devops/Rowles.LeanCorpus.Benchmarks/bin/Release/net10.0/Rowles.LeanCorpus.Benchmarks-ShortRun-1/bin/Release/net10.0
// Failed to set up high priority (Permission denied). In order to run benchmarks with high priority, make sure you have the right permissions.
// BeforeAnythingElse

// Benchmark Process Environment Information:
// BenchmarkDotNet v0.16.0-nightly.20260427.506
// Runtime=.NET 10.0.3 (10.0.3, 10.0.326.7603), X64 RyuJIT x86-64-v2
// GC=Concurrent Workstation
// HardwareIntrinsics=AVX,SSE3+SSSE3+SSE4.1+SSE4.2+POPCNT,X86Base+SSE+SSE2,AES+PCLMUL VectorSize=128
// Job: ShortRun(IterationCount=3, LaunchCount=1, WarmupCount=3)

WorkloadJitting  1: 1 op, 3578539.00 ns, 3.5785 ms/op
WorkloadJitting  2: 30 op, 75859584.00 ns, 2.5287 ms/op
WorkloadJitting  3: 30 op, 65008984.00 ns, 2.1670 ms/op
WorkloadJitting  4: 30 op, 67567377.00 ns, 2.2522 ms/op
WorkloadJitting  5: 1 op, 3412413.00 ns, 3.4124 ms/op

WorkloadPilot    1: 1 op, 3454222.00 ns, 3.4542 ms/op

WorkloadPilot    1: 16 op, 37743015.00 ns, 2.3589 ms/op
WorkloadPilot    2: 32 op, 71716006.00 ns, 2.2411 ms/op
WorkloadPilot    3: 64 op, 139166841.00 ns, 2.1745 ms/op
WorkloadPilot    4: 128 op, 349859949.00 ns, 2.7333 ms/op
WorkloadPilot    5: 256 op, 549243087.00 ns, 2.1455 ms/op

WorkloadWarmup   1: 256 op, 550993265.00 ns, 2.1523 ms/op
WorkloadWarmup   2: 256 op, 550422508.00 ns, 2.1501 ms/op
WorkloadWarmup   3: 256 op, 552554083.00 ns, 2.1584 ms/op

// BeforeActualRun
WorkloadActual   1: 256 op, 555892781.00 ns, 2.1715 ms/op
WorkloadActual   2: 256 op, 547917004.00 ns, 2.1403 ms/op
WorkloadActual   3: 256 op, 548664409.00 ns, 2.1432 ms/op

// AfterActualRun
// BeforeExtraIteration
// AfterExtraIteration
WorkloadExtra    1: 256 op, 545761744.00 ns, 2.1319 ms/op
WorkloadResult   1: 256 op, 555892781.00 ns, 2.1715 ms/op
WorkloadResult   2: 256 op, 547917004.00 ns, 2.1403 ms/op
WorkloadResult   3: 256 op, 548664409.00 ns, 2.1432 ms/op
// GC:  2 0 0 11234000 256

// AfterAll
// Benchmark Process 419014 has exited with code 0.

Mean = 2.152 ms, StdErr = 0.010 ms (0.46%), N = 3, StdDev = 0.017 ms
Min = 2.140 ms, Q1 = 2.142 ms, Median = 2.143 ms, Q3 = 2.157 ms, Max = 2.171 ms
IQR = 0.016 ms, LowerFence = 2.118 ms, UpperFence = 2.181 ms
ConfidenceInterval = [1.838 ms; 2.466 ms] (CI 99.9%), Margin = 0.314 ms (14.59% of Mean)
Skewness = 0.37, Kurtosis = 0.67, MValue = 2

// ** Remained 1 (50.0 %) benchmark(s) to run. Estimated finish 2026-07-30 18:38 (0h 2m from now) **
// **************************
// Benchmark: VectorQuantisationBenchmarks.'HNSW search': ShortRun(IterationCount=3, LaunchCount=1, WarmupCount=3) [Dimension=128, Quantisation=ProductQuantisation]
// *** Execute ***
// Launch: 1 / 1
// Execute: dotnet Rowles.LeanCorpus.Benchmarks-ShortRun-1.dll --ipcPort 35757 --benchmarkName "Rowles.LeanCorpus.Benchmarks.VectorQuantisationBenchmarks.Search(Dimension: 128, Quantisation: ProductQuantisation)" --job ShortRun --diagnoserRunMode 3 --benchmarkId 1 in /home/jordan/leancorpus/working_directory/src/devops/Rowles.LeanCorpus.Benchmarks/bin/Release/net10.0/Rowles.LeanCorpus.Benchmarks-ShortRun-1/bin/Release/net10.0
// Failed to set up high priority (Permission denied). In order to run benchmarks with high priority, make sure you have the right permissions.
// BeforeAnythingElse

// Benchmark Process Environment Information:
// BenchmarkDotNet v0.16.0-nightly.20260427.506
// Runtime=.NET 10.0.3 (10.0.3, 10.0.326.7603), X64 RyuJIT x86-64-v2
// GC=Concurrent Workstation
// HardwareIntrinsics=AVX,SSE3+SSSE3+SSE4.1+SSE4.2+POPCNT,X86Base+SSE+SSE2,AES+PCLMUL VectorSize=128
// Job: ShortRun(IterationCount=3, LaunchCount=1, WarmupCount=3)

WorkloadJitting  1: 1 op, 5777439.00 ns, 5.7774 ms/op
WorkloadJitting  2: 30 op, 130903698.00 ns, 4.3635 ms/op
WorkloadJitting  3: 30 op, 116850608.00 ns, 3.8950 ms/op
WorkloadJitting  4: 30 op, 115061573.00 ns, 3.8354 ms/op
WorkloadJitting  5: 1 op, 5260502.00 ns, 5.2605 ms/op

WorkloadPilot    1: 1 op, 5645079.00 ns, 5.6451 ms/op

WorkloadPilot    1: 16 op, 65573668.00 ns, 4.0984 ms/op
WorkloadPilot    2: 32 op, 126242764.00 ns, 3.9451 ms/op
WorkloadPilot    3: 64 op, 243495953.00 ns, 3.8046 ms/op
WorkloadPilot    4: 128 op, 470240767.00 ns, 3.6738 ms/op
WorkloadPilot    5: 256 op, 947977844.00 ns, 3.7030 ms/op

WorkloadWarmup   1: 256 op, 943911568.00 ns, 3.6872 ms/op
WorkloadWarmup   2: 256 op, 942656573.00 ns, 3.6823 ms/op
WorkloadWarmup   3: 256 op, 943576701.00 ns, 3.6858 ms/op

// BeforeActualRun
WorkloadActual   1: 256 op, 991366448.00 ns, 3.8725 ms/op
WorkloadActual   2: 256 op, 933329383.00 ns, 3.6458 ms/op
WorkloadActual   3: 256 op, 951354920.00 ns, 3.7162 ms/op

// AfterActualRun
// BeforeExtraIteration
// AfterExtraIteration
WorkloadExtra    1: 256 op, 1000469804.00 ns, 3.9081 ms/op
WorkloadResult   1: 256 op, 991366448.00 ns, 3.8725 ms/op
WorkloadResult   2: 256 op, 933329383.00 ns, 3.6458 ms/op
WorkloadResult   3: 256 op, 951354920.00 ns, 3.7162 ms/op
// GC:  3 0 0 12938176 256

// AfterAll
// Benchmark Process 419558 has exited with code 0.

Mean = 3.745 ms, StdErr = 0.067 ms (1.79%), N = 3, StdDev = 0.116 ms
Min = 3.646 ms, Q1 = 3.681 ms, Median = 3.716 ms, Q3 = 3.794 ms, Max = 3.873 ms
IQR = 0.113 ms, LowerFence = 3.511 ms, UpperFence = 3.964 ms
ConfidenceInterval = [1.628 ms; 5.862 ms] (CI 99.9%), Margin = 2.117 ms (56.53% of Mean)
Skewness = 0.23, Kurtosis = 0.67, MValue = 2

// ** Remained 0 (0.0 %) benchmark(s) to run. Estimated finish 2026-07-30 18:42 (0h 0m from now) **
// ***** BenchmarkRunner: Finish  *****

// * Export *
  bench/debian/2026-07-30/17-32/_runner/results/Rowles.LeanCorpus.Benchmarks.VectorQuantisationBenchmarks-report.csv
  bench/debian/2026-07-30/17-32/_runner/results/Rowles.LeanCorpus.Benchmarks.VectorQuantisationBenchmarks-report-github.md
  bench/debian/2026-07-30/17-32/_runner/results/Rowles.LeanCorpus.Benchmarks.VectorQuantisationBenchmarks-report.html
  bench/debian/2026-07-30/17-32/_runner/results/Rowles.LeanCorpus.Benchmarks.VectorQuantisationBenchmarks-report-full.json
  bench/debian/2026-07-30/17-32/_runner/results/Rowles.LeanCorpus.Benchmarks.VectorQuantisationBenchmarks-measurements.csv
  bench/debian/2026-07-30/17-32/_runner/results/BuildPlots.R
RPlotExporter couldn't find Rscript in your PATH and no R_HOME environment variable is defined

// * Detailed results *
VectorQuantisationBenchmarks.'HNSW search': ShortRun(IterationCount=3, LaunchCount=1, WarmupCount=3) [Dimension=64, Quantisation=ProductQuantisation]
Runtime = .NET 10.0.3 (10.0.3, 10.0.326.7603), X64 RyuJIT x86-64-v2; GC = Concurrent Workstation
Mean = 2.152 ms, StdErr = 0.010 ms (0.46%), N = 3, StdDev = 0.017 ms
Min = 2.140 ms, Q1 = 2.142 ms, Median = 2.143 ms, Q3 = 2.157 ms, Max = 2.171 ms
IQR = 0.016 ms, LowerFence = 2.118 ms, UpperFence = 2.181 ms
ConfidenceInterval = [1.838 ms; 2.466 ms] (CI 99.9%), Margin = 0.314 ms (14.59% of Mean)
Skewness = 0.37, Kurtosis = 0.67, MValue = 2
-------------------- Histogram --------------------
[2.140 ms ; 2.172 ms) | @@@
---------------------------------------------------

VectorQuantisationBenchmarks.'HNSW search': ShortRun(IterationCount=3, LaunchCount=1, WarmupCount=3) [Dimension=128, Quantisation=ProductQuantisation]
Runtime = .NET 10.0.3 (10.0.3, 10.0.326.7603), X64 RyuJIT x86-64-v2; GC = Concurrent Workstation
Mean = 3.745 ms, StdErr = 0.067 ms (1.79%), N = 3, StdDev = 0.116 ms
Min = 3.646 ms, Q1 = 3.681 ms, Median = 3.716 ms, Q3 = 3.794 ms, Max = 3.873 ms
IQR = 0.113 ms, LowerFence = 3.511 ms, UpperFence = 3.964 ms
ConfidenceInterval = [1.628 ms; 5.862 ms] (CI 99.9%), Margin = 2.117 ms (56.53% of Mean)
Skewness = 0.23, Kurtosis = 0.67, MValue = 2
-------------------- Histogram --------------------
[3.575 ms ; 3.787 ms) | @@
[3.787 ms ; 3.978 ms) | @
---------------------------------------------------

// * Summary *

BenchmarkDotNet v0.16.0-nightly.20260427.506, Linux Debian GNU/Linux 13 (trixie)
Intel Xeon CPU E3-1220 V2 3.10GHz (Max: 2.09GHz), 1 CPU, 4 logical and 4 physical cores
Memory: 23.45 GB Total, 4.16 GB Available
.NET SDK 11.0.100-preview.1.26104.118
  [Host]   : .NET 10.0.3 (10.0.3, 10.0.326.7603), X64 RyuJIT x86-64-v2
  ShortRun : .NET 10.0.3 (10.0.3, 10.0.326.7603), X64 RyuJIT x86-64-v2

Job=ShortRun  IterationCount=3  LaunchCount=1  
WarmupCount=3  

| Method        | Dimension | Quantisation        | Mean     | Error     | StdDev    | Ratio | Gen0    | Allocated | Alloc Ratio |
|-------------- |---------- |-------------------- |---------:|----------:|----------:|------:|--------:|----------:|------------:|
| 'HNSW search' | 64        | ProductQuantisation | 2.152 ms | 0.3139 ms | 0.0172 ms |  1.00 |  7.8125 |  42.85 KB |        1.00 |
|               |           |                     |          |           |           |       |         |           |             |
| 'HNSW search' | 128       | ProductQuantisation | 3.745 ms | 2.1169 ms | 0.1160 ms |  1.00 | 11.7188 |  49.36 KB |        1.00 |

// * Legends *
  Dimension    : Value of the 'Dimension' parameter
  Quantisation : Value of the 'Quantisation' parameter
  Mean         : Arithmetic mean of all measurements
  Error        : Half of 99.9% confidence interval
  StdDev       : Standard deviation of all measurements
  Ratio        : Mean of the ratio distribution ([Current]/[Baseline])
  Gen0         : GC Generation 0 collects per 1000 operations
  Allocated    : Allocated memory per single operation (managed only, inclusive, 1KB = 1024B)
  Alloc Ratio  : Allocated memory ratio distribution ([Current]/[Baseline])
  1 ms         : 1 Millisecond (0.001 sec)

// * Diagnostic Output - MemoryDiagnoser *


// ***** BenchmarkRunner: End *****
Run time: 00:08:52 (532.46 sec), executed benchmarks: 2

Global total time: 00:10:06 (606.58 sec), executed benchmarks: 2
// * Artifacts cleanup *
Artifacts cleanup is finished
